Archive member included to satisfy reference by file (symbol)

d:/program files/stm32cubeide_1.3.0/stm32cubeide/plugins/com.st.stm32cube.ide.mcu.externaltools.gnu-arm-embedded.7-2018-q2-update.win32_1.0.0.201904081647/tools/bin/../arm-none-eabi/lib/thumb/v7e-m/fpv4-sp/softfp\libc_nano.a(lib_a-exit.o)
                              d:/program files/stm32cubeide_1.3.0/stm32cubeide/plugins/com.st.stm32cube.ide.mcu.externaltools.gnu-arm-embedded.7-2018-q2-update.win32_1.0.0.201904081647/tools/bin/../lib/gcc/arm-none-eabi/7.3.1/../../../../arm-none-eabi/lib/thumb/v7e-m/fpv4-sp/softfp/crt0.o (exit)
d:/program files/stm32cubeide_1.3.0/stm32cubeide/plugins/com.st.stm32cube.ide.mcu.externaltools.gnu-arm-embedded.7-2018-q2-update.win32_1.0.0.201904081647/tools/bin/../arm-none-eabi/lib/thumb/v7e-m/fpv4-sp/softfp\libc_nano.a(lib_a-impure.o)
                              d:/program files/stm32cubeide_1.3.0/stm32cubeide/plugins/com.st.stm32cube.ide.mcu.externaltools.gnu-arm-embedded.7-2018-q2-update.win32_1.0.0.201904081647/tools/bin/../arm-none-eabi/lib/thumb/v7e-m/fpv4-sp/softfp\libc_nano.a(lib_a-exit.o) (_global_impure_ptr)
d:/program files/stm32cubeide_1.3.0/stm32cubeide/plugins/com.st.stm32cube.ide.mcu.externaltools.gnu-arm-embedded.7-2018-q2-update.win32_1.0.0.201904081647/tools/bin/../arm-none-eabi/lib/thumb/v7e-m/fpv4-sp/softfp\libc_nano.a(lib_a-init.o)
                              d:/program files/stm32cubeide_1.3.0/stm32cubeide/plugins/com.st.stm32cube.ide.mcu.externaltools.gnu-arm-embedded.7-2018-q2-update.win32_1.0.0.201904081647/tools/bin/../lib/gcc/arm-none-eabi/7.3.1/../../../../arm-none-eabi/lib/thumb/v7e-m/fpv4-sp/softfp/crt0.o (__libc_init_array)
d:/program files/stm32cubeide_1.3.0/stm32cubeide/plugins/com.st.stm32cube.ide.mcu.externaltools.gnu-arm-embedded.7-2018-q2-update.win32_1.0.0.201904081647/tools/bin/../arm-none-eabi/lib/thumb/v7e-m/fpv4-sp/softfp\libc_nano.a(lib_a-memset.o)
                              d:/program files/stm32cubeide_1.3.0/stm32cubeide/plugins/com.st.stm32cube.ide.mcu.externaltools.gnu-arm-embedded.7-2018-q2-update.win32_1.0.0.201904081647/tools/bin/../lib/gcc/arm-none-eabi/7.3.1/../../../../arm-none-eabi/lib/thumb/v7e-m/fpv4-sp/softfp/crt0.o (memset)
d:/program files/stm32cubeide_1.3.0/stm32cubeide/plugins/com.st.stm32cube.ide.mcu.externaltools.gnu-arm-embedded.7-2018-q2-update.win32_1.0.0.201904081647/tools/bin/../arm-none-eabi/lib/thumb/v7e-m/fpv4-sp/softfp\libc_nano.a(lib_a-nano-vfprintf_float.o)
                              (_printf_float)
d:/program files/stm32cubeide_1.3.0/stm32cubeide/plugins/com.st.stm32cube.ide.mcu.externaltools.gnu-arm-embedded.7-2018-q2-update.win32_1.0.0.201904081647/tools/bin/../arm-none-eabi/lib/thumb/v7e-m/fpv4-sp/softfp\libc_nano.a(lib_a-nano-vfprintf_i.o)
                              d:/program files/stm32cubeide_1.3.0/stm32cubeide/plugins/com.st.stm32cube.ide.mcu.externaltools.gnu-arm-embedded.7-2018-q2-update.win32_1.0.0.201904081647/tools/bin/../arm-none-eabi/lib/thumb/v7e-m/fpv4-sp/softfp\libc_nano.a(lib_a-nano-vfprintf_float.o) (_printf_common)
d:/program files/stm32cubeide_1.3.0/stm32cubeide/plugins/com.st.stm32cube.ide.mcu.externaltools.gnu-arm-embedded.7-2018-q2-update.win32_1.0.0.201904081647/tools/bin/../arm-none-eabi/lib/thumb/v7e-m/fpv4-sp/softfp\libc_nano.a(lib_a-nano-vfscanf_float.o)
                              (_scanf_float)
d:/program files/stm32cubeide_1.3.0/stm32cubeide/plugins/com.st.stm32cube.ide.mcu.externaltools.gnu-arm-embedded.7-2018-q2-update.win32_1.0.0.201904081647/tools/bin/../arm-none-eabi/lib/thumb/v7e-m/fpv4-sp/softfp\libc_nano.a(lib_a-sf_nan.o)
                              d:/program files/stm32cubeide_1.3.0/stm32cubeide/plugins/com.st.stm32cube.ide.mcu.externaltools.gnu-arm-embedded.7-2018-q2-update.win32_1.0.0.201904081647/tools/bin/../arm-none-eabi/lib/thumb/v7e-m/fpv4-sp/softfp\libc_nano.a(lib_a-nano-vfscanf_float.o) (nanf)
d:/program files/stm32cubeide_1.3.0/stm32cubeide/plugins/com.st.stm32cube.ide.mcu.externaltools.gnu-arm-embedded.7-2018-q2-update.win32_1.0.0.201904081647/tools/bin/../arm-none-eabi/lib/thumb/v7e-m/fpv4-sp/softfp\libc_nano.a(lib_a-sprintf.o)
                              Src/clock.o (sprintf)
d:/program files/stm32cubeide_1.3.0/stm32cubeide/plugins/com.st.stm32cube.ide.mcu.externaltools.gnu-arm-embedded.7-2018-q2-update.win32_1.0.0.201904081647/tools/bin/../arm-none-eabi/lib/thumb/v7e-m/fpv4-sp/softfp\libc_nano.a(lib_a-strlen.o)
                              d:/program files/stm32cubeide_1.3.0/stm32cubeide/plugins/com.st.stm32cube.ide.mcu.externaltools.gnu-arm-embedded.7-2018-q2-update.win32_1.0.0.201904081647/tools/bin/../arm-none-eabi/lib/thumb/v7e-m/fpv4-sp/softfp\libc_nano.a(lib_a-nano-vfprintf_float.o) (strlen)
d:/program files/stm32cubeide_1.3.0/stm32cubeide/plugins/com.st.stm32cube.ide.mcu.externaltools.gnu-arm-embedded.7-2018-q2-update.win32_1.0.0.201904081647/tools/bin/../arm-none-eabi/lib/thumb/v7e-m/fpv4-sp/softfp\libc_nano.a(lib_a-strtod.o)
[...]
Memory Configuration

Name             Origin             Length             Attributes
RAM              0x20000000         0x00018000         xrw
ROM              0x08000000         0x00080000         xr
*default*        0x00000000         0xffffffff

Linker script and memory map

LOAD d:/program files/stm32cubeide_1.3.0/stm32cubeide/plugins/com.st.stm32cube.ide.mcu.externaltools.gnu-arm-embedded.7-2018-q2-update.win32_1.0.0.201904081647/tools/bin/../lib/gcc/arm-none-eabi/7.3.1/thumb/v7e-m/fpv4-sp/softfp/crti.o
LOAD d:/program files/stm32cubeide_1.3.0/stm32cubeide/plugins/com.st.stm32cube.ide.mcu.externaltools.gnu-arm-embedded.7-2018-q2-update.win32_1.0.0.201904081647/tools/bin/../lib/gcc/arm-none-eabi/7.3.1/thumb/v7e-m/fpv4-sp/softfp/crtbegin.o
LOAD d:/program files/stm32cubeide_1.3.0/stm32cubeide/plugins/com.st.stm32cube.ide.mcu.externaltools.gnu-arm-embedded.7-2018-q2-update.win32_1.0.0.201904081647/tools/bin/../lib/gcc/arm-none-eabi/7.3.1/../../../../arm-none-eabi/lib/thumb/v7e-m/fpv4-sp/softfp/crt0.o
LOAD CMSIS/src/system_stm32f4xx.o
LOAD Src/BME280.o
LOAD Src/SSD1306.o
LOAD Src/clock.o
LOAD Src/font.o
LOAD Src/main.o
LOAD Startup/startup_stm32f401xe.o
START GROUP
LOAD d:/program files/stm32cubeide_1.3.0/stm32cubeide/plugins/com.st.stm32cube.ide.mcu.externaltools.gnu-arm-embedded.7-2018-q2-update.win32_1.0.0.201904081647/tools/bin/../arm-none-eabi/lib/thumb/v7e-m/fpv4-sp/softfp\libc_nano.a
LOAD d:/program files/stm32cubeide_1.3.0/stm32cubeide/plugins/com.st.stm32cube.ide.mcu.externaltools.gnu-arm-embedded.7-2018-q2-update.win32_1.0.0.201904081647/tools/bin/../lib/gcc/arm-none-eabi/7.3.1/../../../../arm-none-eabi/lib/thumb/v7e-m/fpv4-sp/softfp\libm.a
END GROUP
START GROUP
LOAD d:/program files/stm32cubeide_1.3.0/stm32cubeide/plugins/com.st.stm32cube.ide.mcu.externaltools.gnu-arm-embedded.7-2018-q2-update.win32_1.0.0.201904081647/tools/bin/../lib/gcc/arm-none-eabi/7.3.1/thumb/v7e-m/fpv4-sp/softfp\libgcc.a
LOAD d:/program files/stm32cubeide_1.3.0/stm32cubeide/plugins/com.st.stm32cube.ide.mcu.externaltools.gnu-arm-embedded.7-2018-q2-update.win32_1.0.0.201904081647/tools/bin/../arm-none-eabi/lib/thumb/v7e-m/fpv4-sp/softfp\libc_nano.a
END GROUP
START GROUP
LOAD d:/program files/stm32cubeide_1.3.0/stm32cubeide/plugins/com.st.stm32cube.ide.mcu.externaltools.gnu-arm-embedded.7-2018-q2-update.win32_1.0.0.201904081647/tools/bin/../lib/gcc/arm-none-eabi/7.3.1/thumb/v7e-m/fpv4-sp/softfp\libgcc.a
LOAD d:/program files/stm32cubeide_1.3.0/stm32cubeide/plugins/com.st.stm32cube.ide.mcu.externaltools.gnu-arm-embedded.7-2018-q2-update.win32_1.0.0.201904081647/tools/bin/../arm-none-eabi/lib/thumb/v7e-m/fpv4-sp/softfp\libc_nano.a
LOAD d:/program files/stm32cubeide_1.3.0/stm32cubeide/plugins/com.st.stm32cube.ide.mcu.externaltools.gnu-arm-embedded.7-2018-q2-update.win32_1.0.0.201904081647/tools/bin/../arm-none-eabi/lib/thumb/v7e-m/fpv4-sp/softfp\libnosys.a
END GROUP
START GROUP
LOAD d:/program files/stm32cubeide_1.3.0/stm32cubeide/plugins/com.st.stm32cube.ide.mcu.externaltools.gnu-arm-embedded.7-2018-q2-update.win32_1.0.0.201904081647/tools/bin/../lib/gcc/arm-none-eabi/7.3.1/thumb/v7e-m/fpv4-sp/softfp\libgcc.a
LOAD d:/program files/stm32cubeide_1.3.0/stm32cubeide/plugins/com.st.stm32cube.ide.mcu.externaltools.gnu-arm-embedded.7-2018-q2-update.win32_1.0.0.201904081647/tools/bin/../arm-none-eabi/lib/thumb/v7e-m/fpv4-sp/softfp\libc_nano.a
LOAD d:/program files/stm32cubeide_1.3.0/stm32cubeide/plugins/com.st.stm32cube.ide.mcu.externaltools.gnu-arm-embedded.7-2018-q2-update.win32_1.0.0.201904081647/tools/bin/../arm-none-eabi/lib/thumb/v7e-m/fpv4-sp/softfp\libnosys.a
END GROUP
LOAD d:/program files/stm32cubeide_1.3.0/stm32cubeide/plugins/com.st.stm32cube.ide.mcu.externaltools.gnu-arm-embedded.7-2018-q2-update.win32_1.0.0.201904081647/tools/bin/../lib/gcc/arm-none-eabi/7.3.1/thumb/v7e-m/fpv4-sp/softfp/crtend.o
LOAD d:/program files/stm32cubeide_1.3.0/stm32cubeide/plugins/com.st.stm32cube.ide.mcu.externaltools.gnu-arm-embedded.7-2018-q2-update.win32_1.0.0.201904081647/tools/bin/../lib/gcc/arm-none-eabi/7.3.1/thumb/v7e-m/fpv4-sp/softfp/crtn.o
                0x20018000                _estack = (ORIGIN (RAM) + LENGTH (RAM))
                0x00000200                _Min_Heap_Size = 0x200
                0x00000400                _Min_Stack_Size = 0x400

.isr_vector     0x08000000      0x194
                0x08000000                . = ALIGN (0x4)
 *(.isr_vector)
 .isr_vector    0x08000000      0x194 Startup/startup_stm32f401xe.o
                0x08000000                g_pfnVectors
                0x08000194                . = ALIGN (0x4)

.text           0x080001a0     0x5a90
                0x080001a0                . = ALIGN (0x4)
 *(.text)
 .text          0x080001a0       0x40 d:/program files/stm32cubeide_1.3.0/stm32cubeide/plugins/com.st.stm32cube.ide.mcu.externaltools.gnu-arm-embedded.7-2018-q2-update.win32_1.0.0.201904081647/tools/bin/../lib/gcc/arm-none-eabi/7.3.1/thumb/v7e-m/fpv4-sp/softfp/crtbegin.o
 .text          0x080001e0       0x10 d:/program files/stm32cubeide_1.3.0/stm32cubeide/plugins/com.st.stm32cube.ide.mcu.externaltools.gnu-arm-embedded.7-2018-q2-update.win32_1.0.0.201904081647/tools/bin/../arm-none-eabi/lib/thumb/v7e-m/fpv4-sp/softfp\libc_nano.a(lib_a-strlen.o)
                0x080001e0                strlen
 .text          0x080001f0       0xa0 d:/program files/stm32cubeide_1.3.0/stm32cubeide/plugins/com.st.stm32cube.ide.mcu.externaltools.gnu-arm-embedded.7-2018-q2-update.win32_1.0.0.201904081647/tools/bin/../arm-none-eabi/lib/thumb/v7e-m/fpv4-sp/softfp\libc_nano.a(lib_a-memchr.o)
                0x080001f0                memchr
 .text          0x08000290      0x378 d:/program files/stm32cubeide_1.3.0/stm32cubeide/plugins/com.st.stm32cube.ide.mcu.externaltools.gnu-arm-embedded.7-2018-q2-update.win32_1.0.0.201904081647/tools/bin/../lib/gcc/arm-none-eabi/7.3.1/thumb/v7e-m/fpv4-sp/softfp\libgcc.a(_arm_addsubdf3.o)
                0x08000290                __aeabi_drsub
                0x08000298                __aeabi_dsub
                0x08000298                __subdf3
                0x0800029c                __aeabi_dadd
                0x0800029c                __adddf3
                0x08000514                __floatunsidf
                0x08000514                __aeabi_ui2d
                0x08000534                __floatsidf
                0x08000534                __aeabi_i2d
                0x08000558                __aeabi_f2d
                0x08000558                __extendsfdf2
                0x0800059c                __floatundidf
                0x0800059c                __aeabi_ul2d
                0x080005ac                __floatdidf
                0x080005ac                __aeabi_l2d
 .text          0x08000608      0x424 d:/program files/stm32cubeide_1.3.0/stm32cubeide/plugins/com.st.stm32cube.ide.mcu.externaltools.gnu-arm-embedded.7-2018-q2-update.win32_1.0.0.201904081647/tools/bin/../lib/gcc/arm-none-eabi/7.3.1/thumb/v7e-m/fpv4-sp/softfp\libgcc.a(_arm_muldivdf3.o)
                0x08000608                __aeabi_dmul
                0x08000608                __muldf3
                0x0800085c                __divdf3
                0x0800085c                __aeabi_ddiv
 .text          0x08000a2c      0x110 d:/program files/stm32cubeide_1.3.0/stm32cubeide/plugins/com.st.stm32cube.ide.mcu.externaltools.gnu-arm-embedded.7-2018-q2-update.win32_1.0.0.201904081647/tools/bin/../lib/gcc/arm-none-eabi/7.3.1/thumb/v7e-m/fpv4-sp/softfp\libgcc.a(_arm_cmpdf2.o)
                0x08000a2c                __gtdf2
                0x08000a2c                __gedf2
                0x08000a34                __ltdf2
                0x08000a34                __ledf2
                0x08000a3c                __nedf2
                0x08000a3c                __eqdf2
                0x08000a3c                __cmpdf2
                0x08000ab8                __aeabi_cdrcmple
                0x08000ac8                __aeabi_cdcmpeq
                0x08000ac8                __aeabi_cdcmple
                0x08000ad8                __aeabi_dcmpeq
                0x08000aec                __aeabi_dcmplt
                0x08000b00                __aeabi_dcmple
                0x08000b14                __aeabi_dcmpge
                0x08000b28                __aeabi_dcmpgt
 .text          0x08000b3c       0x2c d:/program files/stm32cubeide_1.3.0/stm32cubeide/plugins/com.st.stm32cube.ide.mcu.externaltools.gnu-arm-embedded.7-2018-q2-update.win32_1.0.0.201904081647/tools/bin/../lib/gcc/arm-none-eabi/7.3.1/thumb/v7e-m/fpv4-sp/softfp\libgcc.a(_arm_unorddf2.o)
                0x08000b3c                __unorddf2
                0x08000b3c                __aeabi_dcmpun
 .text          0x08000b68       0x50 d:/program files/stm32cubeide_1.3.0/stm32cubeide/plugins/com.st.stm32cube.ide.mcu.externaltools.gnu-arm-embedded.7-2018-q2-update.win32_1.0.0.201904081647/tools/bin/../lib/gcc/arm-none-eabi/7.3.1/thumb/v7e-m/fpv4-sp/softfp\libgcc.a(_arm_fixdfsi.o)
                0x08000b68                __aeabi_d2iz
                0x08000b68                __fixdfsi
 .text          0x08000bb8       0x40 d:/program files/stm32cubeide_1.3.0/stm32cubeide/plugins/com.st.stm32cube.ide.mcu.externaltools.gnu-arm-embedded.7-2018-q2-update.win32_1.0.0.201904081647/tools/bin/../lib/gcc/arm-none-eabi/7.3.1/thumb/v7e-m/fpv4-sp/softfp\libgcc.a(_arm_fixunsdfsi.o)
                0x08000bb8                __aeabi_d2uiz
                0x08000bb8                __fixunsdfsi
 .text          0x08000bf8       0xa0 d:/program files/stm32cubeide_1.3.0/stm32cubeide/plugins/com.st.stm32cube.ide.mcu.externaltools.gnu-arm-embedded.7-2018-q2-update.win32_1.0.0.201904081647/tools/bin/../lib/gcc/arm-none-eabi/7.3.1/thumb/v7e-m/fpv4-sp/softfp\libgcc.a(_arm_truncdfsf2.o)
                0x08000bf8                __truncdfsf2
                0x08000bf8                __aeabi_d2f
 .text          0x08000c98       0xa0 d:/program files/stm32cubeide_1.3.0/stm32cubeide/plugins/com.st.stm32cube.ide.mcu.externaltools.gnu-arm-embedded.7-2018-q2-update.win32_1.0.0.201904081647/tools/bin/../lib/gcc/arm-none-eabi/7.3.1/thumb/v7e-m/fpv4-sp/softfp\libgcc.a(_aeabi_ldivmod.o)
                0x08000c98                __aeabi_ldivmod
 .text          0x08000d38      0x2cc d:/program files/stm32cubeide_1.3.0/stm32cubeide/plugins/com.st.stm32cube.ide.mcu.externaltools.gnu-arm-embedded.7-2018-q2-update.win32_1.0.0.201904081647/tools/bin/../lib/gcc/arm-none-eabi/7.3.1/thumb/v7e-m/fpv4-sp/softfp\libgcc.a(_udivmoddi4.o)
                0x08000d38                __udivmoddi4
 .text          0x08001004        0x4 d:/program files/stm32cubeide_1.3.0/stm32cubeide/plugins/com.st.stm32cube.ide.mcu.externaltools.gnu-arm-embedded.7-2018-q2-update.win32_1.0.0.201904081647/tools/bin/../lib/gcc/arm-none-eabi/7.3.1/thumb/v7e-m/fpv4-sp/softfp\libgcc.a(_dvmd_tls.o)
                0x08001004                __aeabi_idiv0
                0x08001004                __aeabi_ldiv0
 *(.text*)
 .text.SystemInit
                0x08001008       0xf0 CMSIS/src/system_stm32f4xx.o
                0x08001008                SystemInit
 .text.fix_bug_i2c
                0x080010f8       0x5c Src/BME280.o
                0x080010f8                fix_bug_i2c
 .text.I2C_Init
                0x08001154       0xe0 Src/BME280.o
                0x08001154                I2C_Init
 .text.start    0x08001234       0x58 Src/BME280.o
                0x08001234                start
 .text.stop     0x0800128c       0x20 Src/BME280.o
                0x0800128c                stop
 .text.write    0x080012ac       0x64 Src/BME280.o
                0x080012ac                write
 .text.BME_Init
                0x08001310       0x2a Src/BME280.o
                0x08001310                BME_Init
 .text.BME_reset
                0x0800133a       0x22 Src/BME280.o
                0x0800133a                BME_reset
 .text.T_compensation
                0x0800135c       0x84 Src/BME280.o
                0x0800135c                T_compensation
 .text.P_compensation
                0x080013e0      0x37c Src/BME280.o
                0x080013e0                P_compensation
 .text.H_compensation
                0x0800175c       0xd8 Src/BME280.o
                0x0800175c                H_compensation
 .text.BME_Measure
                0x08001834      0x1a4 Src/BME280.o
                0x08001834                BME_Measure
 .text.BME_Begin
                0x080019d8       0x1c Src/BME280.o
                0x080019d8                BME_Begin
 .text.I2C2_Init
                0x080019f4       0xe0 Src/SSD1306.o
                0x080019f4                I2C2_Init
 .text.I2C2_start
                0x08001ad4       0x6c Src/SSD1306.o
                0x08001ad4                I2C2_start
 .text.I2C2_stop
                0x08001b40       0x20 Src/SSD1306.o
                0x08001b40                I2C2_stop
 .text.I2C2_write
                0x08001b60       0x94 Src/SSD1306.o
                0x08001b60                I2C2_write
 .text.SSD1306_Init
                0x08001bf4       0xaa Src/SSD1306.o
                0x08001bf4                SSD1306_Init
 .text.SSD1306_clear
                0x08001c9e       0xaa Src/SSD1306.o
                0x08001c9e                SSD1306_clear
 .text.SSD1306_setCursor
                0x08001d48       0x60 Src/SSD1306.o
                0x08001d48                SSD1306_setCursor
 .text.SSD1306_print
                0x08001da8       0x74 Src/SSD1306.o
                0x08001da8                SSD1306_print
 .text.SSD1306_Begin
                0x08001e1c       0x14 Src/SSD1306.o
                0x08001e1c                SSD1306_Begin
 .text.__NVIC_EnableIRQ
                0x08001e30       0x3c Src/clock.o
 .text.Clock_Init
                0x08001e6c       0x4c Src/clock.o
                0x08001e6c                Clock_Init
 .text.delay    0x08001eb8       0x6c Src/clock.o
                0x08001eb8                delay
 .text.converse
                0x08001f24       0x30 Src/clock.o
                0x08001f24                converse
 .text.main     0x08001f54       0x7c Src/main.o
                0x08001f54                main
 .text.print_result
                0x08001fd0      0x114 Src/main.o
                0x08001fd0                print_result
 .text.Reset_Handler
                0x080020e4       0x50 Startup/startup_stm32f401xe.o
                0x080020e4                Reset_Handler
 .text.Default_Handler
                0x08002134        0x2 Startup/startup_stm32f401xe.o
                0x08002134                RTC_Alarm_IRQHandler
                0x08002134                EXTI2_IRQHandler
                0x08002134                DebugMon_Handler
                0x08002134                SPI4_IRQHandler
                0x08002134                TIM1_CC_IRQHandler
                0x08002134                DMA2_Stream5_IRQHandler
                0x08002134                HardFault_Handler
                0x08002134                DMA1_Stream5_IRQHandler
                0x08002134                SysTick_Handler
                0x08002134                PVD_IRQHandler
                0x08002134                SDIO_IRQHandler
                0x08002134                TAMP_STAMP_IRQHandler
                0x08002134                PendSV_Handler
                0x08002134                NMI_Handler
                0x08002134                EXTI3_IRQHandler
                0x08002134                TIM1_UP_TIM10_IRQHandler
                0x08002134                I2C3_ER_IRQHandler
                0x08002134                EXTI0_IRQHandler
                0x08002134                I2C2_EV_IRQHandler
                0x08002134                DMA1_Stream2_IRQHandler
                0x08002134                FPU_IRQHandler
                0x08002134                UsageFault_Handler
                0x08002134                DMA2_Stream2_IRQHandler
                0x08002134                SPI1_IRQHandler
                0x08002134                TIM1_BRK_TIM9_IRQHandler
                0x08002134                DMA2_Stream3_IRQHandler
                0x08002134                USART6_IRQHandler
                0x08002134                DMA2_Stream0_IRQHandler
                0x08002134                TIM4_IRQHandler
                0x08002134                I2C1_EV_IRQHandler
                0x08002134                DMA1_Stream6_IRQHandler
                0x08002134                DMA1_Stream1_IRQHandler
                0x08002134                TIM3_IRQHandler
                0x08002134                RCC_IRQHandler
                0x08002134                Default_Handler
                0x08002134                EXTI15_10_IRQHandler
                0x08002134                ADC_IRQHandler
                0x08002134                DMA1_Stream7_IRQHandler
                0x08002134                TIM5_IRQHandler
                0x08002134                DMA2_Stream7_IRQHandler
                0x08002134                I2C3_EV_IRQHandler
                0x08002134                EXTI9_5_IRQHandler
                0x08002134                RTC_WKUP_IRQHandler
                0x08002134                SPI2_IRQHandler
                0x08002134                MemManage_Handler
                0x08002134                DMA1_Stream0_IRQHandler
                0x08002134                SVC_Handler
                0x08002134                EXTI4_IRQHandler
                0x08002134                WWDG_IRQHandler
                0x08002134                TIM2_IRQHandler
                0x08002134                OTG_FS_WKUP_IRQHandler
                0x08002134                TIM1_TRG_COM_TIM11_IRQHandler
                0x08002134                EXTI1_IRQHandler
                0x08002134                USART2_IRQHandler
                0x08002134                I2C2_ER_IRQHandler
                0x08002134                DMA2_Stream1_IRQHandler
                0x08002134                FLASH_IRQHandler
                0x08002134                DMA2_Stream4_IRQHandler
                0x08002134                BusFault_Handler
                0x08002134                USART1_IRQHandler
                0x08002134                OTG_FS_IRQHandler
                0x08002134                SPI3_IRQHandler
                0x08002134                DMA1_Stream4_IRQHandler
                0x08002134                I2C1_ER_IRQHandler
                0x08002134                DMA2_Stream6_IRQHandler
                0x08002134                DMA1_Stream3_IRQHandler
 *fill*         0x08002136        0x2 
 .text.__libc_init_array
                0x08002138       0x48 d:/program files/stm32cubeide_1.3.0/stm32cubeide/plugins/com.st.stm32cube.ide.mcu.externaltools.gnu-arm-embedded.7-2018-q2-update.win32_1.0.0.201904081647/tools/bin/../arm-none-eabi/lib/thumb/v7e-m/fpv4-sp/softfp\libc_nano.a(lib_a-init.o)
                0x08002138                __libc_init_array
 .text.memset   0x08002180       0x10 d:/program files/stm32cubeide_1.3.0/stm32cubeide/plugins/com.st.stm32cube.ide.mcu.externaltools.gnu-arm-embedded.7-2018-q2-update.win32_1.0.0.201904081647/tools/bin/../arm-none-eabi/lib/thumb/v7e-m/fpv4-sp/softfp\libc_nano.a(lib_a-memset.o)
                0x08002180                memset
 .text.__cvt    0x08002190       0xbc d:/program files/stm32cubeide_1.3.0/stm32cubeide/plugins/com.st.stm32cube.ide.mcu.externaltools.gnu-arm-embedded.7-2018-q2-update.win32_1.0.0.201904081647/tools/bin/../arm-none-eabi/lib/thumb/v7e-m/fpv4-sp/softfp\libc_nano.a(lib_a-nano-vfprintf_float.o)
                0x08002190                __cvt
 .text.__exponent
                0x0800224c       0x66 d:/program files/stm32cubeide_1.3.0/stm32cubeide/plugins/com.st.stm32cube.ide.mcu.externaltools.gnu-arm-embedded.7-2018-q2-update.win32_1.0.0.201904081647/tools/bin/../arm-none-eabi/lib/thumb/v7e-m/fpv4-sp/softfp\libc_nano.a(lib_a-nano-vfprintf_float.o)
                0x0800224c                __exponent
 *fill*         0x080022b2        0x2 
 .text._printf_float
                0x080022b4      0x48c d:/program files/stm32cubeide_1.3.0/stm32cubeide/plugins/com.st.stm32cube.ide.mcu.externaltools.gnu-arm-embedded.7-2018-q2-update.win32_1.0.0.201904081647/tools/bin/../arm-none-eabi/lib/thumb/v7e-m/fpv4-sp/softfp\libc_nano.a(lib_a-nano-vfprintf_float.o)
                0x080022b4                _printf_float
 .text._printf_common
                0x08002740       0xea d:/program files/stm32cubeide_1.3.0/stm32cubeide/plugins/com.st.stm32cube.ide.mcu.externaltools.gnu-arm-embedded.7-2018-q2-update.win32_1.0.0.201904081647/tools/bin/../arm-none-eabi/lib/thumb/v7e-m/fpv4-sp/softfp\libc_nano.a(lib_a-nano-vfprintf_i.o)
                0x08002740                _printf_common
 *fill*         0x0800282a        0x2 
 .text._printf_i
                0x0800282c      0x224 d:/program files/stm32cubeide_1.3.0/stm32cubeide/plugins/com.st.stm32cube.ide.mcu.externaltools.gnu-arm-embedded.7-2018-q2-update.win32_1.0.0.201904081647/tools/bin/../arm-none-eabi/lib/thumb/v7e-m/fpv4-sp/softfp\libc_nano.a(lib_a-nano-vfprintf_i.o)
                0x0800282c                _printf_i
 .text._scanf_float
                0x08002a50      0x3bc d:/program files/stm32cubeide_1.3.0/stm32cubeide/plugins/com.st.stm32cube.ide.mcu.externaltools.gnu-arm-embedded.7-2018-q2-update.win32_1.0.0.201904081647/tools/bin/../arm-none-eabi/lib/thumb/v7e-m/fpv4-sp/softfp\libc_nano.a(lib_a-nano-vfscanf_float.o)
                0x08002a50                _scanf_float
 .text.nanf     0x08002e0c        0x8 d:/program files/stm32cubeide_1.3.0/stm32cubeide/plugins/com.st.stm32cube.ide.mcu.externaltools.gnu-arm-embedded.7-2018-q2-update.win32_1.0.0.201904081647/tools/bin/../arm-none-eabi/lib/thumb/v7e-m/fpv4-sp/softfp\libc_nano.a(lib_a-sf_nan.o)
                0x08002e0c                nanf
 .text.sprintf  0x08002e14       0x40 d:/program files/stm32cubeide_1.3.0/stm32cubeide/plugins/com.st.stm32cube.ide.mcu.externaltools.gnu-arm-embedded.7-2018-q2-update.win32_1.0.0.201904081647/tools/bin/../arm-none-eabi/lib/thumb/v7e-m/fpv4-sp/softfp\libc_nano.a(lib_a-sprintf.o)
                0x08002e14                siprintf
                0x08002e14                sprintf
 .text.unlikely.sulp
                0x08002e54       0x42 d:/program files/stm32cubeide_1.3.0/stm32cubeide/plugins/com.st.stm32cube.ide.mcu.externaltools.gnu-arm-embedded.7-2018-q2-update.win32_1.0.0.201904081647/tools/bin/../arm-none-eabi/lib/thumb/v7e-m/fpv4-sp/softfp\libc_nano.a(lib_a-strtod.o)
 *fill*         0x08002e96        0x2 
 .text._strtod_l
                0x08002e98      0xbe0 d:/program files/stm32cubeide_1.3.0/stm32cubeide/plugins/com.st.stm32cube.ide.mcu.externaltools.gnu-arm-embedded.7-2018-q2-update.win32_1.0.0.201904081647/tools/bin/../arm-none-eabi/lib/thumb/v7e-m/fpv4-sp/softfp\libc_nano.a(lib_a-strtod.o)
                0x08002e98                _strtod_l
 .text._strtod_r
                0x08003a78       0x20 d:/program files/stm32cubeide_1.3.0/stm32cubeide/plugins/com.st.stm32cube.ide.mcu.externaltools.gnu-arm-embedded.7-2018-q2-update.win32_1.0.0.201904081647/tools/bin/../arm-none-eabi/lib/thumb/v7e-m/fpv4-sp/softfp\libc_nano.a(lib_a-strtod.o)
                0x08003a78                _strtod_r
 .text._strtol_l.isra.0
                0x08003a98       0xf6 d:/program files/stm32cubeide_1.3.0/stm32cubeide/plugins/com.st.stm32cube.ide.mcu.externaltools.gnu-arm-embedded.7-2018-q2-update.win32_1.0.0.201904081647/tools/bin/../arm-none-eabi/lib/thumb/v7e-m/fpv4-sp/softfp\libc_nano.a(lib_a-strtol.o)
 *fill*         0x08003b8e        0x2 
 .text._strtol_r
                0x08003b90       0x24 d:/program files/stm32cubeide_1.3.0/stm32cubeide/plugins/com.st.stm32cube.ide.mcu.externaltools.gnu-arm-embedded.7-2018-q2-update.win32_1.0.0.201904081647/tools/bin/../arm-none-eabi/lib/thumb/v7e-m/fpv4-sp/softfp\libc_nano.a(lib_a-strtol.o)
                0x08003b90                _strtol_r
 .text.quorem   0x08003bb4      0x118 d:/program files/stm32cubeide_1.3.0/stm32cubeide/plugins/com.st.stm32cube.ide.mcu.externaltools.gnu-arm-embedded.7-2018-q2-update.win32_1.0.0.201904081647/tools/bin/../arm-none-eabi/lib/thumb/v7e-m/fpv4-sp/softfp\libc_nano.a(lib_a-dtoa.o)
 *fill*         0x08003ccc        0x4 
 .text._dtoa_r  0x08003cd0      0xb7c d:/program files/stm32cubeide_1.3.0/stm32cubeide/plugins/com.st.stm32cube.ide.mcu.externaltools.gnu-arm-embedded.7-2018-q2-update.win32_1.0.0.201904081647/tools/bin/../arm-none-eabi/lib/thumb/v7e-m/fpv4-sp/softfp\libc_nano.a(lib_a-dtoa.o)
                0x08003cd0                _dtoa_r
 .text.rshift   0x0800484c       0x74 d:/program files/stm32cubeide_1.3.0/stm32cubeide/plugins/com.st.stm32cube.ide.mcu.externaltools.gnu-arm-embedded.7-2018-q2-update.win32_1.0.0.201904081647/tools/bin/../arm-none-eabi/lib/thumb/v7e-m/fpv4-sp/softfp\libc_nano.a(lib_a-gdtoa-gethex.o)
 .text.__hexdig_fun
                0x080048c0       0x2a d:/program files/stm32cubeide_1.3.0/stm32cubeide/plugins/com.st.stm32cube.ide.mcu.externaltools.gnu-arm-embedded.7-2018-q2-update.win32_1.0.0.201904081647/tools/bin/../arm-none-eabi/lib/thumb/v7e-m/fpv4-sp/softfp\libc_nano.a(lib_a-gdtoa-gethex.o)
                0x080048c0                __hexdig_fun
 .text.__gethex
                0x080048ea      0x442 d:/program files/stm32cubeide_1.3.0/stm32cubeide/plugins/com.st.stm32cube.ide.mcu.externaltools.gnu-arm-embedded.7-2018-q2-update.win32_1.0.0.201904081647/tools/bin/../arm-none-eabi/lib/thumb/v7e-m/fpv4-sp/softfp\libc_nano.a(lib_a-gdtoa-gethex.o)
                0x080048ea                __gethex
 .text.L_shift  0x08004d2c       0x24 d:/program files/stm32cubeide_1.3.0/stm32cubeide/plugins/com.st.stm32cube.ide.mcu.externaltools.gnu-arm-embedded.7-2018-q2-update.win32_1.0.0.201904081647/tools/bin/../arm-none-eabi/lib/thumb/v7e-m/fpv4-sp/softfp\libc_nano.a(lib_a-gdtoa-hexnan.o)
 .text.__match  0x08004d50       0x28 d:/program files/stm32cubeide_1.3.0/stm32cubeide/plugins/com.st.stm32cube.ide.mcu.externaltools.gnu-arm-embedded.7-2018-q2-update.win32_1.0.0.201904081647/tools/bin/../arm-none-eabi/lib/thumb/v7e-m/fpv4-sp/softfp\libc_nano.a(lib_a-gdtoa-hexnan.o)
                0x08004d50                __match
 .text.__hexnan
                0x08004d78      0x120 d:/program files/stm32cubeide_1.3.0/stm32cubeide/plugins/com.st.stm32cube.ide.mcu.externaltools.gnu-arm-embedded.7-2018-q2-update.win32_1.0.0.201904081647/tools/bin/../arm-none-eabi/lib/thumb/v7e-m/fpv4-sp/softfp\libc_nano.a(lib_a-gdtoa-hexnan.o)
                0x08004d78                __hexnan
 .text.__locale_ctype_ptr_l
                0x08004e98        0x6 d:/program files/stm32cubeide_1.3.0/stm32cubeide/plugins/com.st.stm32cube.ide.mcu.externaltools.gnu-arm-embedded.7-2018-q2-update.win32_1.0.0.201904081647/tools/bin/../arm-none-eabi/lib/thumb/v7e-m/fpv4-sp/softfp\libc_nano.a(lib_a-locale.o)
                0x08004e98                __locale_ctype_ptr_l
 .text.__localeconv_l
                0x08004e9e        0x4 d:/program files/stm32cubeide_1.3.0/stm32cubeide/plugins/com.st.stm32cube.ide.mcu.externaltools.gnu-arm-embedded.7-2018-q2-update.win32_1.0.0.201904081647/tools/bin/../arm-none-eabi/lib/thumb/v7e-m/fpv4-sp/softfp\libc_nano.a(lib_a-localeconv.o)
                0x08004e9e                __localeconv_l
 *fill*         0x08004ea2        0x2 
 .text._localeconv_r
                0x08004ea4       0x1c d:/program files/stm32cubeide_1.3.0/stm32cubeide/plugins/com.st.stm32cube.ide.mcu.externaltools.gnu-arm-embedded.7-2018-q2-update.win32_1.0.0.201904081647/tools/bin/../arm-none-eabi/lib/thumb/v7e-m/fpv4-sp/softfp\libc_nano.a(lib_a-localeconv.o)
                0x08004ea4                _localeconv_r
 .text.malloc   0x08004ec0       0x10 d:/program files/stm32cubeide_1.3.0/stm32cubeide/plugins/com.st.stm32cube.ide.mcu.externaltools.gnu-arm-embedded.7-2018-q2-update.win32_1.0.0.201904081647/tools/bin/../arm-none-eabi/lib/thumb/v7e-m/fpv4-sp/softfp\libc_nano.a(lib_a-malloc.o)
                0x08004ec0                malloc
 .text.__ascii_mbtowc
                0x08004ed0       0x24 d:/program files/stm32cubeide_1.3.0/stm32cubeide/plugins/com.st.stm32cube.ide.mcu.externaltools.gnu-arm-embedded.7-2018-q2-update.win32_1.0.0.201904081647/tools/bin/../arm-none-eabi/lib/thumb/v7e-m/fpv4-sp/softfp\libc_nano.a(lib_a-mbtowc_r.o)
                0x08004ed0                __ascii_mbtowc
 .text.memcpy   0x08004ef4       0x16 d:/program files/stm32cubeide_1.3.0/stm32cubeide/plugins/com.st.stm32cube.ide.mcu.externaltools.gnu-arm-embedded.7-2018-q2-update.win32_1.0.0.201904081647/tools/bin/../arm-none-eabi/lib/thumb/v7e-m/fpv4-sp/softfp\libc_nano.a(lib_a-memcpy-stub.o)
                0x08004ef4                memcpy
 .text._Balloc  0x08004f0a       0x68 d:/program files/stm32cubeide_1.3.0/stm32cubeide/plugins/com.st.stm32cube.ide.mcu.externaltools.gnu-arm-embedded.7-2018-q2-update.win32_1.0.0.201904081647/tools/bin/../arm-none-eabi/lib/thumb/v7e-m/fpv4-sp/softfp\libc_nano.a(lib_a-mprec.o)
                0x08004f0a                _Balloc
 .text._Bfree   0x08004f72       0x2e d:/program files/stm32cubeide_1.3.0/stm32cubeide/plugins/com.st.stm32cube.ide.mcu.externaltools.gnu-arm-embedded.7-2018-q2-update.win32_1.0.0.201904081647/tools/bin/../arm-none-eabi/lib/thumb/v7e-m/fpv4-sp/softfp\libc_nano.a(lib_a-mprec.o)
                0x08004f72                _Bfree
 .text.__multadd
                0x08004fa0       0x76 d:/program files/stm32cubeide_1.3.0/stm32cubeide/plugins/com.st.stm32cube.ide.mcu.externaltools.gnu-arm-embedded.7-2018-q2-update.win32_1.0.0.201904081647/tools/bin/../arm-none-eabi/lib/thumb/v7e-m/fpv4-sp/softfp\libc_nano.a(lib_a-mprec.o)
                0x08004fa0                __multadd
 .text.__s2b    0x08005016       0x7c d:/program files/stm32cubeide_1.3.0/stm32cubeide/plugins/com.st.stm32cube.ide.mcu.externaltools.gnu-arm-embedded.7-2018-q2-update.win32_1.0.0.201904081647/tools/bin/../arm-none-eabi/lib/thumb/v7e-m/fpv4-sp/softfp\libc_nano.a(lib_a-mprec.o)
                0x08005016                __s2b
 .text.__hi0bits
                0x08005092       0x3e d:/program files/stm32cubeide_1.3.0/stm32cubeide/plugins/com.st.stm32cube.ide.mcu.externaltools.gnu-arm-embedded.7-2018-q2-update.win32_1.0.0.201904081647/tools/bin/../arm-none-eabi/lib/thumb/v7e-m/fpv4-sp/softfp\libc_nano.a(lib_a-mprec.o)
                0x08005092                __hi0bits
 .text.__lo0bits
                0x080050d0       0x5e d:/program files/stm32cubeide_1.3.0/stm32cubeide/plugins/com.st.stm32cube.ide.mcu.externaltools.gnu-arm-embedded.7-2018-q2-update.win32_1.0.0.201904081647/tools/bin/../arm-none-eabi/lib/thumb/v7e-m/fpv4-sp/softfp\libc_nano.a(lib_a-mprec.o)
                0x080050d0                __lo0bits
 .text.__i2b    0x0800512e       0x12 d:/program files/stm32cubeide_1.3.0/stm32cubeide/plugins/com.st.stm32cube.ide.mcu.externaltools.gnu-arm-embedded.7-2018-q2-update.win32_1.0.0.201904081647/tools/bin/../arm-none-eabi/lib/thumb/v7e-m/fpv4-sp/softfp\libc_nano.a(lib_a-mprec.o)
                0x0800512e                __i2b
 .text.__multiply
                0x08005140      0x12c d:/program files/stm32cubeide_1.3.0/stm32cubeide/plugins/com.st.stm32cube.ide.mcu.externaltools.gnu-arm-embedded.7-2018-q2-update.win32_1.0.0.201904081647/tools/bin/../arm-none-eabi/lib/thumb/v7e-m/fpv4-sp/softfp\libc_nano.a(lib_a-mprec.o)
                0x08005140                __multiply
 .text.__pow5mult
                0x0800526c       0x9c d:/program files/stm32cubeide_1.3.0/stm32cubeide/plugins/com.st.stm32cube.ide.mcu.externaltools.gnu-arm-embedded.7-2018-q2-update.win32_1.0.0.201904081647/tools/bin/../arm-none-eabi/lib/thumb/v7e-m/fpv4-sp/softfp\libc_nano.a(lib_a-mprec.o)
                0x0800526c                __pow5mult
 .text.__lshift
                0x08005308       0xa8 d:/program files/stm32cubeide_1.3.0/stm32cubeide/plugins/com.st.stm32cube.ide.mcu.externaltools.gnu-arm-embedded.7-2018-q2-update.win32_1.0.0.201904081647/tools/bin/../arm-none-eabi/lib/thumb/v7e-m/fpv4-sp/softfp\libc_nano.a(lib_a-mprec.o)
                0x08005308                __lshift
 .text.__mcmp   0x080053b0       0x34 d:/program files/stm32cubeide_1.3.0/stm32cubeide/plugins/com.st.stm32cube.ide.mcu.externaltools.gnu-arm-embedded.7-2018-q2-update.win32_1.0.0.201904081647/tools/bin/../arm-none-eabi/lib/thumb/v7e-m/fpv4-sp/softfp\libc_nano.a(lib_a-mprec.o)
                0x080053b0                __mcmp
 .text.__mdiff  0x080053e4       0xba d:/program files/stm32cubeide_1.3.0/stm32cubeide/plugins/com.st.stm32cube.ide.mcu.externaltools.gnu-arm-embedded.7-2018-q2-update.win32_1.0.0.201904081647/tools/bin/../arm-none-eabi/lib/thumb/v7e-m/fpv4-sp/softfp\libc_nano.a(lib_a-mprec.o)
                0x080053e4                __mdiff
 *fill*         0x0800549e        0x2 
 .text.__ulp    0x080054a0       0x48 d:/program files/stm32cubeide_1.3.0/stm32cubeide/plugins/com.st.stm32cube.ide.mcu.externaltools.gnu-arm-embedded.7-2018-q2-update.win32_1.0.0.201904081647/tools/bin/../arm-none-eabi/lib/thumb/v7e-m/fpv4-sp/softfp\libc_nano.a(lib_a-mprec.o)
                0x080054a0                __ulp
 .text.__b2d    0x080054e8       0xa4 d:/program files/stm32cubeide_1.3.0/stm32cubeide/plugins/com.st.stm32cube.ide.mcu.externaltools.gnu-arm-embedded.7-2018-q2-update.win32_1.0.0.201904081647/tools/bin/../arm-none-eabi/lib/thumb/v7e-m/fpv4-sp/softfp\libc_nano.a(lib_a-mprec.o)
                0x080054e8                __b2d
 .text.__d2b    0x0800558c       0x9e d:/program files/stm32cubeide_1.3.0/stm32cubeide/plugins/com.st.stm32cube.ide.mcu.externaltools.gnu-arm-embedded.7-2018-q2-update.win32_1.0.0.201904081647/tools/bin/../arm-none-eabi/lib/thumb/v7e-m/fpv4-sp/softfp\libc_nano.a(lib_a-mprec.o)
                0x0800558c                __d2b
 .text.__ratio  0x0800562a       0x5c d:/program files/stm32cubeide_1.3.0/stm32cubeide/plugins/com.st.stm32cube.ide.mcu.externaltools.gnu-arm-embedded.7-2018-q2-update.win32_1.0.0.201904081647/tools/bin/../arm-none-eabi/lib/thumb/v7e-m/fpv4-sp/softfp\libc_nano.a(lib_a-mprec.o)
                0x0800562a                __ratio
 .text.__copybits
                0x08005686       0x34 d:/program files/stm32cubeide_1.3.0/stm32cubeide/plugins/com.st.stm32cube.ide.mcu.externaltools.gnu-arm-embedded.7-2018-q2-update.win32_1.0.0.201904081647/tools/bin/../arm-none-eabi/lib/thumb/v7e-m/fpv4-sp/softfp\libc_nano.a(lib_a-mprec.o)
                0x08005686                __copybits
 .text.__any_on
                0x080056ba       0x42 d:/program files/stm32cubeide_1.3.0/stm32cubeide/plugins/com.st.stm32cube.ide.mcu.externaltools.gnu-arm-embedded.7-2018-q2-update.win32_1.0.0.201904081647/tools/bin/../arm-none-eabi/lib/thumb/v7e-m/fpv4-sp/softfp\libc_nano.a(lib_a-mprec.o)
                0x080056ba                __any_on
 .text._calloc_r
                0x080056fc       0x1c d:/program files/stm32cubeide_1.3.0/stm32cubeide/plugins/com.st.stm32cube.ide.mcu.externaltools.gnu-arm-embedded.7-2018-q2-update.win32_1.0.0.201904081647/tools/bin/../arm-none-eabi/lib/thumb/v7e-m/fpv4-sp/softfp\libc_nano.a(lib_a-nano-callocr.o)
                0x080056fc                _calloc_r
 .text._free_r  0x08005718       0x9c d:/program files/stm32cubeide_1.3.0/stm32cubeide/plugins/com.st.stm32cube.ide.mcu.externaltools.gnu-arm-embedded.7-2018-q2-update.win32_1.0.0.201904081647/tools/bin/../arm-none-eabi/lib/thumb/v7e-m/fpv4-sp/softfp\libc_nano.a(lib_a-nano-freer.o)
                0x08005718                _free_r
 .text._malloc_r
                0x080057b4       0xb4 d:/program files/stm32cubeide_1.3.0/stm32cubeide/plugins/com.st.stm32cube.ide.mcu.externaltools.gnu-arm-embedded.7-2018-q2-update.win32_1.0.0.201904081647/tools/bin/../arm-none-eabi/lib/thumb/v7e-m/fpv4-sp/softfp\libc_nano.a(lib_a-nano-mallocr.o)
                0x080057b4                _malloc_r
 .text.__ssputs_r
                0x08005868       0xb4 d:/program files/stm32cubeide_1.3.0/stm32cubeide/plugins/com.st.stm32cube.ide.mcu.externaltools.gnu-arm-embedded.7-2018-q2-update.win32_1.0.0.201904081647/tools/bin/../arm-none-eabi/lib/thumb/v7e-m/fpv4-sp/softfp\libc_nano.a(lib_a-nano-svfprintf.o)
                0x08005868                __ssputs_r
 .text._svfprintf_r
                0x0800591c      0x1f0 d:/program files/stm32cubeide_1.3.0/stm32cubeide/plugins/com.st.stm32cube.ide.mcu.externaltools.gnu-arm-embedded.7-2018-q2-update.win32_1.0.0.201904081647/tools/bin/../arm-none-eabi/lib/thumb/v7e-m/fpv4-sp/softfp\libc_nano.a(lib_a-nano-svfprintf.o)
                0x0800591c                _svfiprintf_r
                0x0800591c                _svfprintf_r
 .text._sbrk_r  0x08005b0c       0x20 d:/program files/stm32cubeide_1.3.0/stm32cubeide/plugins/com.st.stm32cube.ide.mcu.externaltools.gnu-arm-embedded.7-2018-q2-update.win32_1.0.0.201904081647/tools/bin/../arm-none-eabi/lib/thumb/v7e-m/fpv4-sp/softfp\libc_nano.a(lib_a-sbrkr.o)
                0x08005b0c                _sbrk_r
 .text.strncmp  0x08005b2c       0x24 d:/program files/stm32cubeide_1.3.0/stm32cubeide/plugins/com.st.stm32cube.ide.mcu.externaltools.gnu-arm-embedded.7-2018-q2-update.win32_1.0.0.201904081647/tools/bin/../arm-none-eabi/lib/thumb/v7e-m/fpv4-sp/softfp\libc_nano.a(lib_a-strncmp.o)
                0x08005b2c                strncmp
 .text.__ascii_wctomb
                0x08005b50       0x1a d:/program files/stm32cubeide_1.3.0/stm32cubeide/plugins/com.st.stm32cube.ide.mcu.externaltools.gnu-arm-embedded.7-2018-q2-update.win32_1.0.0.201904081647/tools/bin/../arm-none-eabi/lib/thumb/v7e-m/fpv4-sp/softfp\libc_nano.a(lib_a-wctomb_r.o)
                0x08005b50                __ascii_wctomb
 .text.memmove  0x08005b6a       0x32 d:/program files/stm32cubeide_1.3.0/stm32cubeide/plugins/com.st.stm32cube.ide.mcu.externaltools.gnu-arm-embedded.7-2018-q2-update.win32_1.0.0.201904081647/tools/bin/../arm-none-eabi/lib/thumb/v7e-m/fpv4-sp/softfp\libc_nano.a(lib_a-memmove.o)
                0x08005b6a                memmove
 .text.__malloc_lock
                0x08005b9c        0x2 d:/program files/stm32cubeide_1.3.0/stm32cubeide/plugins/com.st.stm32cube.ide.mcu.externaltools.gnu-arm-embedded.7-2018-q2-update.win32_1.0.0.201904081647/tools/bin/../arm-none-eabi/lib/thumb/v7e-m/fpv4-sp/softfp\libc_nano.a(lib_a-mlock.o)
                0x08005b9c                __malloc_lock
 .text.__malloc_unlock
                0x08005b9e        0x2 d:/program files/stm32cubeide_1.3.0/stm32cubeide/plugins/com.st.stm32cube.ide.mcu.externaltools.gnu-arm-embedded.7-2018-q2-update.win32_1.0.0.201904081647/tools/bin/../arm-none-eabi/lib/thumb/v7e-m/fpv4-sp/softfp\libc_nano.a(lib_a-mlock.o)
                0x08005b9e                __malloc_unlock
 .text._realloc_r
                0x08005ba0       0x4c d:/program files/stm32cubeide_1.3.0/stm32cubeide/plugins/com.st.stm32cube.ide.mcu.externaltools.gnu-arm-embedded.7-2018-q2-update.win32_1.0.0.201904081647/tools/bin/../arm-none-eabi/lib/thumb/v7e-m/fpv4-sp/softfp\libc_nano.a(lib_a-nano-reallocr.o)
                0x08005ba0                _realloc_r
 .text._malloc_usable_size_r
                0x08005bec       0x10 d:/program files/stm32cubeide_1.3.0/stm32cubeide/plugins/com.st.stm32cube.ide.mcu.externaltools.gnu-arm-embedded.7-2018-q2-update.win32_1.0.0.201904081647/tools/bin/../arm-none-eabi/lib/thumb/v7e-m/fpv4-sp/softfp\libc_nano.a(lib_a-nano-msizer.o)
                0x08005bec                _malloc_usable_size_r
 .text._sbrk    0x08005bfc       0x1c d:/program files/stm32cubeide_1.3.0/stm32cubeide/plugins/com.st.stm32cube.ide.mcu.externaltools.gnu-arm-embedded.7-2018-q2-update.win32_1.0.0.201904081647/tools/bin/../arm-none-eabi/lib/thumb/v7e-m/fpv4-sp/softfp\libnosys.a(sbrk.o)
                0x08005bfc                _sbrk
 *(.glue_7)
 .glue_7        0x08005c18        0x0 linker stubs
 *(.glue_7t)
 .glue_7t       0x08005c18        0x0 linker stubs
 *(.eh_frame)
 .eh_frame      0x08005c18        0x0 d:/program files/stm32cubeide_1.3.0/stm32cubeide/plugins/com.st.stm32cube.ide.mcu.externaltools.gnu-arm-embedded.7-2018-q2-update.win32_1.0.0.201904081647/tools/bin/../lib/gcc/arm-none-eabi/7.3.1/thumb/v7e-m/fpv4-sp/softfp/crtbegin.o
 *(.init)
 .init          0x08005c18        0x4 d:/program files/stm32cubeide_1.3.0/stm32cubeide/plugins/com.st.stm32cube.ide.mcu.externaltools.gnu-arm-embedded.7-2018-q2-update.win32_1.0.0.201904081647/tools/bin/../lib/gcc/arm-none-eabi/7.3.1/thumb/v7e-m/fpv4-sp/softfp/crti.o
                0x08005c18                _init
 .init          0x08005c1c        0x8 d:/program files/stm32cubeide_1.3.0/stm32cubeide/plugins/com.st.stm32cube.ide.mcu.externaltools.gnu-arm-embedded.7-2018-q2-update.win32_1.0.0.201904081647/tools/bin/../lib/gcc/arm-none-eabi/7.3.1/thumb/v7e-m/fpv4-sp/softfp/crtn.o
 *(.fini)
 .fini          0x08005c24        0x4 d:/program files/stm32cubeide_1.3.0/stm32cubeide/plugins/com.st.stm32cube.ide.mcu.externaltools.gnu-arm-embedded.7-2018-q2-update.win32_1.0.0.201904081647/tools/bin/../lib/gcc/arm-none-eabi/7.3.1/thumb/v7e-m/fpv4-sp/softfp/crti.o
                0x08005c24                _fini
 .fini          0x08005c28        0x8 d:/program files/stm32cubeide_1.3.0/stm32cubeide/plugins/com.st.stm32cube.ide.mcu.externaltools.gnu-arm-embedded.7-2018-q2-update.win32_1.0.0.201904081647/tools/bin/../lib/gcc/arm-none-eabi/7.3.1/thumb/v7e-m/fpv4-sp/softfp/crtn.o
                0x08005c30                . = ALIGN (0x4)
                0x08005c30                _etext = .

.vfp11_veneer   0x08005c30        0x0
 .vfp11_veneer  0x08005c30        0x0 linker stubs

.v4_bx          0x08005c30        0x0
 .v4_bx         0x08005c30        0x0 linker stubs

.iplt           0x08005c30        0x0
 .iplt          0x08005c30        0x0 d:/program files/stm32cubeide_1.3.0/stm32cubeide/plugins/com.st.stm32cube.ide.mcu.externaltools.gnu-arm-embedded.7-2018-q2-update.win32_1.0.0.201904081647/tools/bin/../lib/gcc/arm-none-eabi/7.3.1/thumb/v7e-m/fpv4-sp/softfp/crtbegin.o

.rodata         0x08005c30      0x538
                0x08005c30                . = ALIGN (0x4)
 *(.rodata)
 .rodata        0x08005c30        0x5 Src/clock.o
 *fill*         0x08005c35        0x3 
 .rodata        0x08005c38       0x40 Src/main.o
 *(.rodata*)
 .rodata.Font8  0x08005c78      0x23a Src/font.o
                0x08005c78                Font8
 .rodata._printf_float.str1.1
                0x08005eb2       0x12 d:/program files/stm32cubeide_1.3.0/stm32cubeide/plugins/com.st.stm32cube.ide.mcu.externaltools.gnu-arm-embedded.7-2018-q2-update.win32_1.0.0.201904081647/tools/bin/../arm-none-eabi/lib/thumb/v7e-m/fpv4-sp/softfp\libc_nano.a(lib_a-nano-vfprintf_float.o)
 .rodata._printf_i.str1.1
                0x08005ec4       0x22 d:/program files/stm32cubeide_1.3.0/stm32cubeide/plugins/com.st.stm32cube.ide.mcu.externaltools.gnu-arm-embedded.7-2018-q2-update.win32_1.0.0.201904081647/tools/bin/../arm-none-eabi/lib/thumb/v7e-m/fpv4-sp/softfp\libc_nano.a(lib_a-nano-vfprintf_i.o)
 .rodata._scanf_float.str1.1
                0x08005ee6        0x5 d:/program files/stm32cubeide_1.3.0/stm32cubeide/plugins/com.st.stm32cube.ide.mcu.externaltools.gnu-arm-embedded.7-2018-q2-update.win32_1.0.0.201904081647/tools/bin/../arm-none-eabi/lib/thumb/v7e-m/fpv4-sp/softfp\libc_nano.a(lib_a-nano-vfscanf_float.o)
 .rodata._strtod_l.str1.1
                0x08005eeb        0x5 d:/program files/stm32cubeide_1.3.0/stm32cubeide/plugins/com.st.stm32cube.ide.mcu.externaltools.gnu-arm-embedded.7-2018-q2-update.win32_1.0.0.201904081647/tools/bin/../arm-none-eabi/lib/thumb/v7e-m/fpv4-sp/softfp\libc_nano.a(lib_a-strtod.o)
                                  0xc (size before relaxing)
 *fill*         0x08005eeb        0x1 
 .rodata.fpi.7435
                0x08005eec       0x14 d:/program files/stm32cubeide_1.3.0/stm32cubeide/plugins/com.st.stm32cube.ide.mcu.externaltools.gnu-arm-embedded.7-2018-q2-update.win32_1.0.0.201904081647/tools/bin/../arm-none-eabi/lib/thumb/v7e-m/fpv4-sp/softfp\libc_nano.a(lib_a-strtod.o)
 .rodata.fpinan.7471
                0x08005f00       0x14 d:/program files/stm32cubeide_1.3.0/stm32cubeide/plugins/com.st.stm32cube.ide.mcu.externaltools.gnu-arm-embedded.7-2018-q2-update.win32_1.0.0.201904081647/tools/bin/../arm-none-eabi/lib/thumb/v7e-m/fpv4-sp/softfp\libc_nano.a(lib_a-strtod.o)
 *fill*         0x08005f14        0x4 
 .rodata.tinytens
                0x08005f18       0x28 d:/program files/stm32cubeide_1.3.0/stm32cubeide/plugins/com.st.stm32cube.ide.mcu.externaltools.gnu-arm-embedded.7-2018-q2-update.win32_1.0.0.201904081647/tools/bin/../arm-none-eabi/lib/thumb/v7e-m/fpv4-sp/softfp\libc_nano.a(lib_a-strtod.o)
 .rodata._dtoa_r.str1.1
                0x08005f40        0xd d:/program files/stm32cubeide_1.3.0/stm32cubeide/plugins/com.st.stm32cube.ide.mcu.externaltools.gnu-arm-embedded.7-2018-q2-update.win32_1.0.0.201904081647/tools/bin/../arm-none-eabi/lib/thumb/v7e-m/fpv4-sp/softfp\libc_nano.a(lib_a-dtoa.o)
                                  0xf (size before relaxing)
 .rodata._setlocale_r.str1.1
                0x08005f4d        0x8 d:/program files/stm32cubeide_1.3.0/stm32cubeide/plugins/com.st.stm32cube.ide.mcu.externaltools.gnu-arm-embedded.7-2018-q2-update.win32_1.0.0.201904081647/tools/bin/../arm-none-eabi/lib/thumb/v7e-m/fpv4-sp/softfp\libc_nano.a(lib_a-locale.o)
                                  0x9 (size before relaxing)
 .rodata.str1.1
                0x08005f55        0x2 d:/program files/stm32cubeide_1.3.0/stm32cubeide/plugins/com.st.stm32cube.ide.mcu.externaltools.gnu-arm-embedded.7-2018-q2-update.win32_1.0.0.201904081647/tools/bin/../arm-none-eabi/lib/thumb/v7e-m/fpv4-sp/softfp\libc_nano.a(lib_a-locale.o)
 *fill*         0x08005f57        0x1 
 .rodata.__mprec_bigtens
                0x08005f58       0x28 d:/program files/stm32cubeide_1.3.0/stm32cubeide/plugins/com.st.stm32cube.ide.mcu.externaltools.gnu-arm-embedded.7-2018-q2-update.win32_1.0.0.201904081647/tools/bin/../arm-none-eabi/lib/thumb/v7e-m/fpv4-sp/softfp\libc_nano.a(lib_a-mprec.o)
                0x08005f58                __mprec_bigtens
 .rodata.__mprec_tens
                0x08005f80       0xc8 d:/program files/stm32cubeide_1.3.0/stm32cubeide/plugins/com.st.stm32cube.ide.mcu.externaltools.gnu-arm-embedded.7-2018-q2-update.win32_1.0.0.201904081647/tools/bin/../arm-none-eabi/lib/thumb/v7e-m/fpv4-sp/softfp\libc_nano.a(lib_a-mprec.o)
                0x08005f80                __mprec_tens
 .rodata.p05.7359
                0x08006048        0xc d:/program files/stm32cubeide_1.3.0/stm32cubeide/plugins/com.st.stm32cube.ide.mcu.externaltools.gnu-arm-embedded.7-2018-q2-update.win32_1.0.0.201904081647/tools/bin/../arm-none-eabi/lib/thumb/v7e-m/fpv4-sp/softfp\libc_nano.a(lib_a-mprec.o)
 .rodata._svfprintf_r.str1.1
                0x08006054       0x11 d:/program files/stm32cubeide_1.3.0/stm32cubeide/plugins/com.st.stm32cube.ide.mcu.externaltools.gnu-arm-embedded.7-2018-q2-update.win32_1.0.0.201904081647/tools/bin/../arm-none-eabi/lib/thumb/v7e-m/fpv4-sp/softfp\libc_nano.a(lib_a-nano-svfprintf.o)
 .rodata._ctype_
                0x08006065      0x101 d:/program files/stm32cubeide_1.3.0/stm32cubeide/plugins/com.st.stm32cube.ide.mcu.externaltools.gnu-arm-embedded.7-2018-q2-update.win32_1.0.0.201904081647/tools/bin/../arm-none-eabi/lib/thumb/v7e-m/fpv4-sp/softfp\libc_nano.a(lib_a-ctype_.o)
                0x08006065                _ctype_
                0x08006168                . = ALIGN (0x4)
 *fill*         0x08006166        0x2 

.ARM.extab      0x08006168        0x0
                0x08006168                . = ALIGN (0x4)
 *(.ARM.extab* .gnu.linkonce.armextab.*)
                0x08006168                . = ALIGN (0x4)

.ARM            0x08006168        0x8
                0x08006168                . = ALIGN (0x4)
                0x08006168                __exidx_start = .
 *(.ARM.exidx*)
 .ARM.exidx     0x08006168        0x8 d:/program files/stm32cubeide_1.3.0/stm32cubeide/plugins/com.st.stm32cube.ide.mcu.externaltools.gnu-arm-embedded.7-2018-q2-update.win32_1.0.0.201904081647/tools/bin/../lib/gcc/arm-none-eabi/7.3.1/thumb/v7e-m/fpv4-sp/softfp\libgcc.a(_udivmoddi4.o)
                0x08006170                __exidx_end = .
                0x08006170                . = ALIGN (0x4)

.rel.dyn        0x08006170        0x0
 .rel.iplt      0x08006170        0x0 d:/program files/stm32cubeide_1.3.0/stm32cubeide/plugins/com.st.stm32cube.ide.mcu.externaltools.gnu-arm-embedded.7-2018-q2-update.win32_1.0.0.201904081647/tools/bin/../lib/gcc/arm-none-eabi/7.3.1/thumb/v7e-m/fpv4-sp/softfp/crtbegin.o

.preinit_array  0x08006170        0x0
                0x08006170                . = ALIGN (0x4)
                0x08006170                PROVIDE (__preinit_array_start = .)
 *(.preinit_array*)
                0x08006170                PROVIDE (__preinit_array_end = .)
                0x08006170                . = ALIGN (0x4)

.init_array     0x08006170        0x4
                0x08006170                . = ALIGN (0x4)
                0x08006170                PROVIDE (__init_array_start = .)
 *(SORT_BY_NAME(.init_array.*))
 *(.init_array*)
 .init_array    0x08006170        0x4 d:/program files/stm32cubeide_1.3.0/stm32cubeide/plugins/com.st.stm32cube.ide.mcu.externaltools.gnu-arm-embedded.7-2018-q2-update.win32_1.0.0.201904081647/tools/bin/../lib/gcc/arm-none-eabi/7.3.1/thumb/v7e-m/fpv4-sp/softfp/crtbegin.o
                0x08006174                PROVIDE (__init_array_end = .)
                0x08006174                . = ALIGN (0x4)

.fini_array     0x08006174        0x4
                0x08006174                . = ALIGN (0x4)
                [!provide]                PROVIDE (__fini_array_start = .)
 *(SORT_BY_NAME(.fini_array.*))
 *(.fini_array*)
 .fini_array    0x08006174        0x4 d:/program files/stm32cubeide_1.3.0/stm32cubeide/plugins/com.st.stm32cube.ide.mcu.externaltools.gnu-arm-embedded.7-2018-q2-update.win32_1.0.0.201904081647/tools/bin/../lib/gcc/arm-none-eabi/7.3.1/thumb/v7e-m/fpv4-sp/softfp/crtbegin.o
                [!provide]                PROVIDE (__fini_array_end = .)
                0x08006178                . = ALIGN (0x4)
                0x08006178                _sidata = LOADADDR (.data)

.data           0x20000000      0x1f4 load address 0x08006178
                0x20000000                . = ALIGN (0x4)
                0x20000000                _sdata = .
 *(.data)
 *(.data*)
 .data.dig_T1   0x20000000        0x2 Src/BME280.o
                0x20000000                dig_T1
 .data.dig_T2   0x20000002        0x2 Src/BME280.o
                0x20000002                dig_T2
 .data.dig_T3   0x20000004        0x2 Src/BME280.o
                0x20000004                dig_T3
 .data.dig_P1   0x20000006        0x2 Src/BME280.o
                0x20000006                dig_P1
 .data.dig_P2   0x20000008        0x2 Src/BME280.o
                0x20000008                dig_P2
 .data.dig_P3   0x2000000a        0x2 Src/BME280.o
                0x2000000a                dig_P3
 .data.dig_P4   0x2000000c        0x2 Src/BME280.o
                0x2000000c                dig_P4
 .data.dig_P5   0x2000000e        0x2 Src/BME280.o
                0x2000000e                dig_P5
 .data.dig_P6   0x20000010        0x2 Src/BME280.o
                0x20000010                dig_P6
 .data.dig_P7   0x20000012        0x2 Src/BME280.o
                0x20000012                dig_P7
 .data.dig_P8   0x20000014        0x2 Src/BME280.o
                0x20000014                dig_P8
 .data.dig_P9   0x20000016        0x2 Src/BME280.o
                0x20000016                dig_P9
 .data.dig_H1   0x20000018        0x1 Src/BME280.o
                0x20000018                dig_H1
 *fill*         0x20000019        0x1 
 .data.dig_H2   0x2000001a        0x2 Src/BME280.o
                0x2000001a                dig_H2
 .data.dig_H4   0x2000001c        0x2 Src/BME280.o
                0x2000001c                dig_H4
 .data.dig_H5   0x2000001e        0x2 Src/BME280.o
                0x2000001e                dig_H5
 .data.dig_H6   0x20000020        0x1 Src/BME280.o
                0x20000020                dig_H6
 .data.first    0x20000021        0x1 Src/SSD1306.o
                0x20000021                first
 *fill*         0x20000022        0x2 
 .data._impure_ptr
                0x20000024        0x4 d:/program files/stm32cubeide_1.3.0/stm32cubeide/plugins/com.st.stm32cube.ide.mcu.externaltools.gnu-arm-embedded.7-2018-q2-update.win32_1.0.0.201904081647/tools/bin/../arm-none-eabi/lib/thumb/v7e-m/fpv4-sp/softfp\libc_nano.a(lib_a-impure.o)
                0x20000024                _impure_ptr
 .data.impure_data
                0x20000028       0x60 d:/program files/stm32cubeide_1.3.0/stm32cubeide/plugins/com.st.stm32cube.ide.mcu.externaltools.gnu-arm-embedded.7-2018-q2-update.win32_1.0.0.201904081647/tools/bin/../arm-none-eabi/lib/thumb/v7e-m/fpv4-sp/softfp\libc_nano.a(lib_a-impure.o)
 .data.__global_locale
                0x20000088      0x16c d:/program files/stm32cubeide_1.3.0/stm32cubeide/plugins/com.st.stm32cube.ide.mcu.externaltools.gnu-arm-embedded.7-2018-q2-update.win32_1.0.0.201904081647/tools/bin/../arm-none-eabi/lib/thumb/v7e-m/fpv4-sp/softfp\libc_nano.a(lib_a-locale.o)
                0x20000088                __global_locale
                0x200001f4                . = ALIGN (0x4)
                0x200001f4                _edata = .

.igot.plt       0x200001f4        0x0 load address 0x0800636c
 .igot.plt      0x200001f4        0x0 d:/program files/stm32cubeide_1.3.0/stm32cubeide/plugins/com.st.stm32cube.ide.mcu.externaltools.gnu-arm-embedded.7-2018-q2-update.win32_1.0.0.201904081647/tools/bin/../lib/gcc/arm-none-eabi/7.3.1/thumb/v7e-m/fpv4-sp/softfp/crtbegin.o
                0x200001f4                . = ALIGN (0x4)

.bss            0x200001f4      0x140 load address 0x0800636c
                0x200001f4                _sbss = .
                0x200001f4                __bss_start__ = _sbss
 *(.bss)
 .bss           0x200001f4       0x1c d:/program files/stm32cubeide_1.3.0/stm32cubeide/plugins/com.st.stm32cube.ide.mcu.externaltools.gnu-arm-embedded.7-2018-q2-update.win32_1.0.0.201904081647/tools/bin/../lib/gcc/arm-none-eabi/7.3.1/thumb/v7e-m/fpv4-sp/softfp/crtbegin.o
 *(.bss*)
 .bss.dig_H3    0x20000210        0x1 Src/BME280.o
                0x20000210                dig_H3
 *fill*         0x20000211        0x3 
 .bss.__malloc_free_list
                0x20000214        0x4 d:/program files/stm32cubeide_1.3.0/stm32cubeide/plugins/com.st.stm32cube.ide.mcu.externaltools.gnu-arm-embedded.7-2018-q2-update.win32_1.0.0.201904081647/tools/bin/../arm-none-eabi/lib/thumb/v7e-m/fpv4-sp/softfp\libc_nano.a(lib_a-nano-mallocr.o)
                0x20000214                __malloc_free_list
 .bss.__malloc_sbrk_start
                0x20000218        0x4 d:/program files/stm32cubeide_1.3.0/stm32cubeide/plugins/com.st.stm32cube.ide.mcu.externaltools.gnu-arm-embedded.7-2018-q2-update.win32_1.0.0.201904081647/tools/bin/../arm-none-eabi/lib/thumb/v7e-m/fpv4-sp/softfp\libc_nano.a(lib_a-nano-mallocr.o)
                0x20000218                __malloc_sbrk_start
 .bss.heap_end.5377
                0x2000021c        0x4 d:/program files/stm32cubeide_1.3.0/stm32cubeide/plugins/com.st.stm32cube.ide.mcu.externaltools.gnu-arm-embedded.7-2018-q2-update.win32_1.0.0.201904081647/tools/bin/../arm-none-eabi/lib/thumb/v7e-m/fpv4-sp/softfp\libnosys.a(sbrk.o)
 *(COMMON)
 COMMON         0x20000220        0x4 Src/BME280.o
                0x20000220                temper_int
 COMMON         0x20000224       0xff Src/clock.o
                0x20000224                out
 *fill*         0x20000323        0x1 
 COMMON         0x20000324        0xc Src/main.o
                0x20000324                T
                0x20000328                H
                0x2000032c                P
 COMMON         0x20000330        0x4 d:/program files/stm32cubeide_1.3.0/stm32cubeide/plugins/com.st.stm32cube.ide.mcu.externaltools.gnu-arm-embedded.7-2018-q2-update.win32_1.0.0.201904081647/tools/bin/../arm-none-eabi/lib/thumb/v7e-m/fpv4-sp/softfp\libc_nano.a(lib_a-reent.o)
                0x20000330                errno
                0x20000334                . = ALIGN (0x4)
                0x20000334                _ebss = .
                0x20000334                __bss_end__ = _ebss

._user_heap_stack
                0x20000334      0x604 load address 0x0800636c
                0x20000338                . = ALIGN (0x8)
 *fill*         0x20000334        0x4 
                0x20000338                PROVIDE (end = .)
                [!provide]                PROVIDE (_end = .)
                0x20000538                . = (. + _Min_Heap_Size)
 *fill*         0x20000338      0x200 
                0x20000938                . = (. + _Min_Stack_Size)
 *fill*         0x20000538      0x400 
                0x20000938                . = ALIGN (0x8)

/DISCARD/
 libc.a(*)
 libm.a(*)
 libgcc.a(*)

.ARM.attributes
                0x00000000       0x2e
 *(.ARM.attributes)
 .ARM.attributes
                0x00000000       0x22 d:/program files/stm32cubeide_1.3.0/stm32cubeide/plugins/com.st.stm32cube.ide.mcu.externaltools.gnu-arm-embedded.7-2018-q2-update.win32_1.0.0.201904081647/tools/bin/../lib/gcc/arm-none-eabi/7.3.1/thumb/v7e-m/fpv4-sp/softfp/crti.o
 .ARM.attributes
                0x00000022       0x32 d:/program files/stm32cubeide_1.3.0/stm32cubeide/plugins/com.st.stm32cube.ide.mcu.externaltools.gnu-arm-embedded.7-2018-q2-update.win32_1.0.0.201904081647/tools/bin/../lib/gcc/arm-none-eabi/7.3.1/thumb/v7e-m/fpv4-sp/softfp/crtbegin.o
 .ARM.attributes
                0x00000054       0x37 CMSIS/src/system_stm32f4xx.o
 .ARM.attributes
                0x0000008b       0x37 Src/BME280.o
 .ARM.attributes
                0x000000c2       0x37 Src/SSD1306.o
 .ARM.attributes
                0x000000f9       0x37 Src/clock.o
 .ARM.attributes
                0x00000130       0x37 Src/font.o
 .ARM.attributes
                0x00000167       0x37 Src/main.o
 .ARM.attributes
                0x0000019e       0x21 Startup/startup_stm32f401xe.o
 .ARM.attributes
                0x000001bf       0x32 d:/program files/stm32cubeide_1.3.0/stm32cubeide/plugins/com.st.stm32cube.ide.mcu.externaltools.gnu-arm-embedded.7-2018-q2-update.win32_1.0.0.201904081647/tools/bin/../arm-none-eabi/lib/thumb/v7e-m/fpv4-sp/softfp\libc_nano.a(lib_a-impure.o)
 .ARM.attributes
                0x000001f1       0x32 d:/program files/stm32cubeide_1.3.0/stm32cubeide/plugins/com.st.stm32cube.ide.mcu.externaltools.gnu-arm-embedded.7-2018-q2-update.win32_1.0.0.201904081647/tools/bin/../arm-none-eabi/lib/thumb/v7e-m/fpv4-sp/softfp\libc_nano.a(lib_a-init.o)
 .ARM.attributes
                0x00000223       0x32 d:/program files/stm32cubeide_1.3.0/stm32cubeide/plugins/com.st.stm32cube.ide.mcu.externaltools.gnu-arm-embedded.7-2018-q2-update.win32_1.0.0.201904081647/tools/bin/../arm-none-eabi/lib/thumb/v7e-m/fpv4-sp/softfp\libc_nano.a(lib_a-memset.o)
 .ARM.attributes
                0x00000255       0x32 d:/program files/stm32cubeide_1.3.0/stm32cubeide/plugins/com.st.stm32cube.ide.mcu.externaltools.gnu-arm-embedded.7-2018-q2-update.win32_1.0.0.201904081647/tools/bin/../arm-none-eabi/lib/thumb/v7e-m/fpv4-sp/softfp\libc_nano.a(lib_a-nano-vfprintf_float.o)
 .ARM.attributes
                0x00000287       0x32 d:/program files/stm32cubeide_1.3.0/stm32cubeide/plugins/com.st.stm32cube.ide.mcu.externaltools.gnu-arm-embedded.7-2018-q2-update.win32_1.0.0.201904081647/tools/bin/../arm-none-eabi/lib/thumb/v7e-m/fpv4-sp/softfp\libc_nano.a(lib_a-nano-vfprintf_i.o)
 .ARM.attributes
                0x000002b9       0x32 d:/program files/stm32cubeide_1.3.0/stm32cubeide/plugins/com.st.stm32cube.ide.mcu.externaltools.gnu-arm-embedded.7-2018-q2-update.win32_1.0.0.201904081647/tools/bin/../arm-none-eabi/lib/thumb/v7e-m/fpv4-sp/softfp\libc_nano.a(lib_a-nano-vfscanf_float.o)
 .ARM.attributes
                0x000002eb       0x32 d:/program files/stm32cubeide_1.3.0/stm32cubeide/plugins/com.st.stm32cube.ide.mcu.externaltools.gnu-arm-embedded.7-2018-q2-update.win32_1.0.0.201904081647/tools/bin/../arm-none-eabi/lib/thumb/v7e-m/fpv4-sp/softfp\libc_nano.a(lib_a-sf_nan.o)
 .ARM.attributes
                0x0000031d       0x32 d:/program files/stm32cubeide_1.3.0/stm32cubeide/plugins/com.st.stm32cube.ide.mcu.externaltools.gnu-arm-embedded.7-2018-q2-update.win32_1.0.0.201904081647/tools/bin/../arm-none-eabi/lib/thumb/v7e-m/fpv4-sp/softfp\libc_nano.a(lib_a-sprintf.o)
 .ARM.attributes
                0x0000034f       0x1b d:/program files/stm32cubeide_1.3.0/stm32cubeide/plugins/com.st.stm32cube.ide.mcu.externaltools.gnu-arm-embedded.7-2018-q2-update.win32_1.0.0.201904081647/tools/bin/../arm-none-eabi/lib/thumb/v7e-m/fpv4-sp/softfp\libc_nano.a(lib_a-strlen.o)
 .ARM.attributes
                0x0000036a       0x32 d:/program files/stm32cubeide_1.3.0/stm32cubeide/plugins/com.st.stm32cube.ide.mcu.externaltools.gnu-arm-embedded.7-2018-q2-update.win32_1.0.0.201904081647/tools/bin/../arm-none-eabi/lib/thumb/v7e-m/fpv4-sp/softfp\libc_nano.a(lib_a-strtod.o)
 .ARM.attributes
                0x0000039c       0x32 d:/program files/stm32cubeide_1.3.0/stm32cubeide/plugins/com.st.stm32cube.ide.mcu.externaltools.gnu-arm-embedded.7-2018-q2-update.win32_1.0.0.201904081647/tools/bin/../arm-none-eabi/lib/thumb/v7e-m/fpv4-sp/softfp\libc_nano.a(lib_a-strtol.o)
 .ARM.attributes
                0x000003ce       0x32 d:/program files/stm32cubeide_1.3.0/stm32cubeide/plugins/com.st.stm32cube.ide.mcu.externaltools.gnu-arm-embedded.7-2018-q2-update.win32_1.0.0.201904081647/tools/bin/../arm-none-eabi/lib/thumb/v7e-m/fpv4-sp/softfp\libc_nano.a(lib_a-dtoa.o)
 .ARM.attributes
                0x00000400       0x32 d:/program files/stm32cubeide_1.3.0/stm32cubeide/plugins/com.st.stm32cube.ide.mcu.externaltools.gnu-arm-embedded.7-2018-q2-update.win32_1.0.0.201904081647/tools/bin/../arm-none-eabi/lib/thumb/v7e-m/fpv4-sp/softfp\libc_nano.a(lib_a-gdtoa-gethex.o)
 .ARM.attributes
                0x00000432       0x32 d:/program files/stm32cubeide_1.3.0/stm32cubeide/plugins/com.st.stm32cube.ide.mcu.externaltools.gnu-arm-embedded.7-2018-q2-update.win32_1.0.0.201904081647/tools/bin/../arm-none-eabi/lib/thumb/v7e-m/fpv4-sp/softfp\libc_nano.a(lib_a-gdtoa-hexnan.o)
 .ARM.attributes
                0x00000464       0x32 d:/program files/stm32cubeide_1.3.0/stm32cubeide/plugins/com.st.stm32cube.ide.mcu.externaltools.gnu-arm-embedded.7-2018-q2-update.win32_1.0.0.201904081647/tools/bin/../arm-none-eabi/lib/thumb/v7e-m/fpv4-sp/softfp\libc_nano.a(lib_a-locale.o)
 .ARM.attributes
                0x00000496       0x32 d:/program files/stm32cubeide_1.3.0/stm32cubeide/plugins/com.st.stm32cube.ide.mcu.externaltools.gnu-arm-embedded.7-2018-q2-update.win32_1.0.0.201904081647/tools/bin/../arm-none-eabi/lib/thumb/v7e-m/fpv4-sp/softfp\libc_nano.a(lib_a-localeconv.o)
 .ARM.attributes
                0x000004c8       0x32 d:/program files/stm32cubeide_1.3.0/stm32cubeide/plugins/com.st.stm32cube.ide.mcu.externaltools.gnu-arm-embedded.7-2018-q2-update.win32_1.0.0.201904081647/tools/bin/../arm-none-eabi/lib/thumb/v7e-m/fpv4-sp/softfp\libc_nano.a(lib_a-malloc.o)
 .ARM.attributes
                0x000004fa       0x32 d:/program files/stm32cubeide_1.3.0/stm32cubeide/plugins/com.st.stm32cube.ide.mcu.externaltools.gnu-arm-embedded.7-2018-q2-update.win32_1.0.0.201904081647/tools/bin/../arm-none-eabi/lib/thumb/v7e-m/fpv4-sp/softfp\libc_nano.a(lib_a-mbtowc_r.o)
 .ARM.attributes
                0x0000052c       0x20 d:/program files/stm32cubeide_1.3.0/stm32cubeide/plugins/com.st.stm32cube.ide.mcu.externaltools.gnu-arm-embedded.7-2018-q2-update.win32_1.0.0.201904081647/tools/bin/../arm-none-eabi/lib/thumb/v7e-m/fpv4-sp/softfp\libc_nano.a(lib_a-memchr.o)
 .ARM.attributes
                0x0000054c       0x32 d:/program files/stm32cubeide_1.3.0/stm32cubeide/plugins/com.st.stm32cube.ide.mcu.externaltools.gnu-arm-embedded.7-2018-q2-update.win32_1.0.0.201904081647/tools/bin/../arm-none-eabi/lib/thumb/v7e-m/fpv4-sp/softfp\libc_nano.a(lib_a-memcpy-stub.o)
 .ARM.attributes
                0x0000057e       0x32 d:/program files/stm32cubeide_1.3.0/stm32cubeide/plugins/com.st.stm32cube.ide.mcu.externaltools.gnu-arm-embedded.7-2018-q2-update.win32_1.0.0.201904081647/tools/bin/../arm-none-eabi/lib/thumb/v7e-m/fpv4-sp/softfp\libc_nano.a(lib_a-mprec.o)
 .ARM.attributes
                0x000005b0       0x32 d:/program files/stm32cubeide_1.3.0/stm32cubeide/plugins/com.st.stm32cube.ide.mcu.externaltools.gnu-arm-embedded.7-2018-q2-update.win32_1.0.0.201904081647/tools/bin/../arm-none-eabi/lib/thumb/v7e-m/fpv4-sp/softfp\libc_nano.a(lib_a-nano-callocr.o)
 .ARM.attributes
                0x000005e2       0x32 d:/program files/stm32cubeide_1.3.0/stm32cubeide/plugins/com.st.stm32cube.ide.mcu.externaltools.gnu-arm-embedded.7-2018-q2-update.win32_1.0.0.201904081647/tools/bin/../arm-none-eabi/lib/thumb/v7e-m/fpv4-sp/softfp\libc_nano.a(lib_a-nano-freer.o)
 .ARM.attributes
                0x00000614       0x32 d:/program files/stm32cubeide_1.3.0/stm32cubeide/plugins/com.st.stm32cube.ide.mcu.externaltools.gnu-arm-embedded.7-2018-q2-update.win32_1.0.0.201904081647/tools/bin/../arm-none-eabi/lib/thumb/v7e-m/fpv4-sp/softfp\libc_nano.a(lib_a-nano-mallocr.o)
 .ARM.attributes
                0x00000646       0x32 d:/program files/stm32cubeide_1.3.0/stm32cubeide/plugins/com.st.stm32cube.ide.mcu.externaltools.gnu-arm-embedded.7-2018-q2-update.win32_1.0.0.201904081647/tools/bin/../arm-none-eabi/lib/thumb/v7e-m/fpv4-sp/softfp\libc_nano.a(lib_a-nano-svfprintf.o)
 .ARM.attributes
                0x00000678       0x32 d:/program files/stm32cubeide_1.3.0/stm32cubeide/plugins/com.st.stm32cube.ide.mcu.externaltools.gnu-arm-embedded.7-2018-q2-update.win32_1.0.0.201904081647/tools/bin/../arm-none-eabi/lib/thumb/v7e-m/fpv4-sp/softfp\libc_nano.a(lib_a-sbrkr.o)
 .ARM.attributes
                0x000006aa       0x32 d:/program files/stm32cubeide_1.3.0/stm32cubeide/plugins/com.st.stm32cube.ide.mcu.externaltools.gnu-arm-embedded.7-2018-q2-update.win32_1.0.0.201904081647/tools/bin/../arm-none-eabi/lib/thumb/v7e-m/fpv4-sp/softfp\libc_nano.a(lib_a-strncmp.o)
 .ARM.attributes
                0x000006dc       0x32 d:/program files/stm32cubeide_1.3.0/stm32cubeide/plugins/com.st.stm32cube.ide.mcu.externaltools.gnu-arm-embedded.7-2018-q2-update.win32_1.0.0.201904081647/tools/bin/../arm-none-eabi/lib/thumb/v7e-m/fpv4-sp/softfp\libc_nano.a(lib_a-wctomb_r.o)
 .ARM.attributes
                0x0000070e       0x32 d:/program files/stm32cubeide_1.3.0/stm32cubeide/plugins/com.st.stm32cube.ide.mcu.externaltools.gnu-arm-embedded.7-2018-q2-update.win32_1.0.0.201904081647/tools/bin/../arm-none-eabi/lib/thumb/v7e-m/fpv4-sp/softfp\libc_nano.a(lib_a-ctype_.o)
 .ARM.attributes
                0x00000740       0x32 d:/program files/stm32cubeide_1.3.0/stm32cubeide/plugins/com.st.stm32cube.ide.mcu.externaltools.gnu-arm-embedded.7-2018-q2-update.win32_1.0.0.201904081647/tools/bin/../arm-none-eabi/lib/thumb/v7e-m/fpv4-sp/softfp\libc_nano.a(lib_a-memmove.o)
 .ARM.attributes
                0x00000772       0x32 d:/program files/stm32cubeide_1.3.0/stm32cubeide/plugins/com.st.stm32cube.ide.mcu.externaltools.gnu-arm-embedded.7-2018-q2-update.win32_1.0.0.201904081647/tools/bin/../arm-none-eabi/lib/thumb/v7e-m/fpv4-sp/softfp\libc_nano.a(lib_a-mlock.o)
 .ARM.attributes
                0x000007a4       0x32 d:/program files/stm32cubeide_1.3.0/stm32cubeide/plugins/com.st.stm32cube.ide.mcu.externaltools.gnu-arm-embedded.7-2018-q2-update.win32_1.0.0.201904081647/tools/bin/../arm-none-eabi/lib/thumb/v7e-m/fpv4-sp/softfp\libc_nano.a(lib_a-nano-reallocr.o)
 .ARM.attributes
                0x000007d6       0x32 d:/program files/stm32cubeide_1.3.0/stm32cubeide/plugins/com.st.stm32cube.ide.mcu.externaltools.gnu-arm-embedded.7-2018-q2-update.win32_1.0.0.201904081647/tools/bin/../arm-none-eabi/lib/thumb/v7e-m/fpv4-sp/softfp\libc_nano.a(lib_a-reent.o)
 .ARM.attributes
                0x00000808       0x32 d:/program files/stm32cubeide_1.3.0/stm32cubeide/plugins/com.st.stm32cube.ide.mcu.externaltools.gnu-arm-embedded.7-2018-q2-update.win32_1.0.0.201904081647/tools/bin/../arm-none-eabi/lib/thumb/v7e-m/fpv4-sp/softfp\libc_nano.a(lib_a-nano-msizer.o)
 .ARM.attributes
                0x0000083a       0x22 d:/program files/stm32cubeide_1.3.0/stm32cubeide/plugins/com.st.stm32cube.ide.mcu.externaltools.gnu-arm-embedded.7-2018-q2-update.win32_1.0.0.201904081647/tools/bin/../lib/gcc/arm-none-eabi/7.3.1/thumb/v7e-m/fpv4-sp/softfp\libgcc.a(_arm_addsubdf3.o)
 .ARM.attributes
                0x0000085c       0x22 d:/program files/stm32cubeide_1.3.0/stm32cubeide/plugins/com.st.stm32cube.ide.mcu.externaltools.gnu-arm-embedded.7-2018-q2-update.win32_1.0.0.201904081647/tools/bin/../lib/gcc/arm-none-eabi/7.3.1/thumb/v7e-m/fpv4-sp/softfp\libgcc.a(_arm_muldivdf3.o)
 .ARM.attributes
                0x0000087e       0x22 d:/program files/stm32cubeide_1.3.0/stm32cubeide/plugins/com.st.stm32cube.ide.mcu.externaltools.gnu-arm-embedded.7-2018-q2-update.win32_1.0.0.201904081647/tools/bin/../lib/gcc/arm-none-eabi/7.3.1/thumb/v7e-m/fpv4-sp/softfp\libgcc.a(_arm_cmpdf2.o)
 .ARM.attributes
                0x000008a0       0x22 d:/program files/stm32cubeide_1.3.0/stm32cubeide/plugins/com.st.stm32cube.ide.mcu.externaltools.gnu-arm-embedded.7-2018-q2-update.win32_1.0.0.201904081647/tools/bin/../lib/gcc/arm-none-eabi/7.3.1/thumb/v7e-m/fpv4-sp/softfp\libgcc.a(_arm_unorddf2.o)
 .ARM.attributes
                0x000008c2       0x22 d:/program files/stm32cubeide_1.3.0/stm32cubeide/plugins/com.st.stm32cube.ide.mcu.externaltools.gnu-arm-embedded.7-2018-q2-update.win32_1.0.0.201904081647/tools/bin/../lib/gcc/arm-none-eabi/7.3.1/thumb/v7e-m/fpv4-sp/softfp\libgcc.a(_arm_fixdfsi.o)
 .ARM.attributes
                0x000008e4       0x22 d:/program files/stm32cubeide_1.3.0/stm32cubeide/plugins/com.st.stm32cube.ide.mcu.externaltools.gnu-arm-embedded.7-2018-q2-update.win32_1.0.0.201904081647/tools/bin/../lib/gcc/arm-none-eabi/7.3.1/thumb/v7e-m/fpv4-sp/softfp\libgcc.a(_arm_fixunsdfsi.o)
 .ARM.attributes
                0x00000906       0x22 d:/program files/stm32cubeide_1.3.0/stm32cubeide/plugins/com.st.stm32cube.ide.mcu.externaltools.gnu-arm-embedded.7-2018-q2-update.win32_1.0.0.201904081647/tools/bin/../lib/gcc/arm-none-eabi/7.3.1/thumb/v7e-m/fpv4-sp/softfp\libgcc.a(_arm_truncdfsf2.o)
 .ARM.attributes
                0x00000928       0x22 d:/program files/stm32cubeide_1.3.0/stm32cubeide/plugins/com.st.stm32cube.ide.mcu.externaltools.gnu-arm-embedded.7-2018-q2-update.win32_1.0.0.201904081647/tools/bin/../lib/gcc/arm-none-eabi/7.3.1/thumb/v7e-m/fpv4-sp/softfp\libgcc.a(_aeabi_ldivmod.o)
 .ARM.attributes
                0x0000094a       0x32 d:/program files/stm32cubeide_1.3.0/stm32cubeide/plugins/com.st.stm32cube.ide.mcu.externaltools.gnu-arm-embedded.7-2018-q2-update.win32_1.0.0.201904081647/tools/bin/../lib/gcc/arm-none-eabi/7.3.1/thumb/v7e-m/fpv4-sp/softfp\libgcc.a(_udivmoddi4.o)
 .ARM.attributes
                0x0000097c       0x22 d:/program files/stm32cubeide_1.3.0/stm32cubeide/plugins/com.st.stm32cube.ide.mcu.externaltools.gnu-arm-embedded.7-2018-q2-update.win32_1.0.0.201904081647/tools/bin/../lib/gcc/arm-none-eabi/7.3.1/thumb/v7e-m/fpv4-sp/softfp\libgcc.a(_dvmd_tls.o)
 .ARM.attributes
                0x0000099e       0x32 d:/program files/stm32cubeide_1.3.0/stm32cubeide/plugins/com.st.stm32cube.ide.mcu.externaltools.gnu-arm-embedded.7-2018-q2-update.win32_1.0.0.201904081647/tools/bin/../arm-none-eabi/lib/thumb/v7e-m/fpv4-sp/softfp\libnosys.a(sbrk.o)
 .ARM.attributes
                0x000009d0       0x22 d:/program files/stm32cubeide_1.3.0/stm32cubeide/plugins/com.st.stm32cube.ide.mcu.externaltools.gnu-arm-embedded.7-2018-q2-update.win32_1.0.0.201904081647/tools/bin/../lib/gcc/arm-none-eabi/7.3.1/thumb/v7e-m/fpv4-sp/softfp/crtn.o
OUTPUT(test.elf elf32-littlearm)

.debug_info     0x00000000     0x24ef
 .debug_info    0x00000000      0x519 CMSIS/src/system_stm32f4xx.o
 .debug_info    0x00000519      0x7ae Src/BME280.o
 .debug_info    0x00000cc7      0x616 Src/SSD1306.o
 .debug_info    0x000012dd      0xf90 Src/clock.o
 .debug_info    0x0000226d       0xd1 Src/font.o
 .debug_info    0x0000233e      0x18f Src/main.o
 .debug_info    0x000024cd       0x22 Startup/startup_stm32f401xe.o

.debug_abbrev   0x00000000      0x7f8
 .debug_abbrev  0x00000000      0x104 CMSIS/src/system_stm32f4xx.o
 .debug_abbrev  0x00000104      0x1db Src/BME280.o
 .debug_abbrev  0x000002df      0x181 Src/SSD1306.o
 .debug_abbrev  0x00000460      0x258 Src/clock.o
 .debug_abbrev  0x000006b8       0x60 Src/font.o
 .debug_abbrev  0x00000718       0xce Src/main.o
 .debug_abbrev  0x000007e6       0x12 Startup/startup_stm32f401xe.o

.debug_aranges  0x00000000      0x1a0
 .debug_aranges
                0x00000000       0x20 CMSIS/src/system_stm32f4xx.o
 .debug_aranges
                0x00000020       0x78 Src/BME280.o
 .debug_aranges
                0x00000098       0x68 Src/SSD1306.o
 .debug_aranges
                0x00000100       0x38 Src/clock.o
 .debug_aranges
                0x00000138       0x18 Src/font.o
 .debug_aranges
                0x00000150       0x28 Src/main.o
 .debug_aranges
                0x00000178       0x28 Startup/startup_stm32f401xe.o

.debug_ranges   0x00000000      0x130
 .debug_ranges  0x00000000       0x10 CMSIS/src/system_stm32f4xx.o
 .debug_ranges  0x00000010       0x68 Src/BME280.o
 .debug_ranges  0x00000078       0x58 Src/SSD1306.o
 .debug_ranges  0x000000d0       0x28 Src/clock.o
 .debug_ranges  0x000000f8       0x18 Src/main.o
 .debug_ranges  0x00000110       0x20 Startup/startup_stm32f401xe.o

.debug_macro    0x00000000     0xec8c
 .debug_macro   0x00000000       0xe6 CMSIS/src/system_stm32f4xx.o
 .debug_macro   0x000000e6      0xa66 CMSIS/src/system_stm32f4xx.o
 .debug_macro   0x00000b4c       0x2e CMSIS/src/system_stm32f4xx.o
 .debug_macro   0x00000b7a       0x28 CMSIS/src/system_stm32f4xx.o
 .debug_macro   0x00000ba2       0x22 CMSIS/src/system_stm32f4xx.o
 .debug_macro   0x00000bc4       0x8e CMSIS/src/system_stm32f4xx.o
 .debug_macro   0x00000c52       0x51 CMSIS/src/system_stm32f4xx.o
 .debug_macro   0x00000ca3       0xef CMSIS/src/system_stm32f4xx.o
 .debug_macro   0x00000d92       0x6a CMSIS/src/system_stm32f4xx.o
 .debug_macro   0x00000dfc      0x1df CMSIS/src/system_stm32f4xx.o
 .debug_macro   0x00000fdb       0x1c CMSIS/src/system_stm32f4xx.o
 .debug_macro   0x00000ff7       0x22 CMSIS/src/system_stm32f4xx.o
 .debug_macro   0x00001019       0xdf CMSIS/src/system_stm32f4xx.o
 .debug_macro   0x000010f8     0x102d CMSIS/src/system_stm32f4xx.o
 .debug_macro   0x00002125      0x11f CMSIS/src/system_stm32f4xx.o
 .debug_macro   0x00002244     0xb850 CMSIS/src/system_stm32f4xx.o
 .debug_macro   0x0000da94       0x43 CMSIS/src/system_stm32f4xx.o
 .debug_macro   0x0000dad7       0xe0 Src/BME280.o
 .debug_macro   0x0000dbb7       0x76 Src/BME280.o
 .debug_macro   0x0000dc2d       0x16 Src/BME280.o
 .debug_macro   0x0000dc43       0xe4 Src/SSD1306.o
 .debug_macro   0x0000dd27       0x2e Src/SSD1306.o
 .debug_macro   0x0000dd55      0x229 Src/clock.o
 .debug_macro   0x0000df7e       0x46 Src/clock.o
 .debug_macro   0x0000dfc4       0x18 Src/clock.o
 .debug_macro   0x0000dfdc       0x3c Src/clock.o
 .debug_macro   0x0000e018       0x34 Src/clock.o
 .debug_macro   0x0000e04c       0x16 Src/clock.o
 .debug_macro   0x0000e062       0x97 Src/clock.o
 .debug_macro   0x0000e0f9      0x32a Src/clock.o
 .debug_macro   0x0000e423       0xfd Src/clock.o
 .debug_macro   0x0000e520       0x10 Src/clock.o
 .debug_macro   0x0000e530       0x52 Src/clock.o
 .debug_macro   0x0000e582       0x1f Src/clock.o
 .debug_macro   0x0000e5a1       0x43 Src/clock.o
 .debug_macro   0x0000e5e4       0x20 Src/clock.o
 .debug_macro   0x0000e604      0x1a3 Src/clock.o
 .debug_macro   0x0000e7a7       0x10 Src/clock.o
 .debug_macro   0x0000e7b7       0x1c Src/clock.o
 .debug_macro   0x0000e7d3       0x52 Src/clock.o
 .debug_macro   0x0000e825       0x40 Src/clock.o
 .debug_macro   0x0000e865       0x10 Src/clock.o
 .debug_macro   0x0000e875       0x40 Src/clock.o
 .debug_macro   0x0000e8b5       0xd7 Src/clock.o
 .debug_macro   0x0000e98c       0x1c Src/clock.o
 .debug_macro   0x0000e9a8       0x3d Src/clock.o
 .debug_macro   0x0000e9e5       0x16 Src/clock.o
 .debug_macro   0x0000e9fb      0x145 Src/clock.o
 .debug_macro   0x0000eb40       0x63 Src/font.o
 .debug_macro   0x0000eba3       0xe9 Src/main.o

.debug_line     0x00000000     0x20e6
 .debug_line    0x00000000      0x49b CMSIS/src/system_stm32f4xx.o
 .debug_line    0x0000049b      0x66b Src/BME280.o
 .debug_line    0x00000b06      0x645 Src/SSD1306.o
 .debug_line    0x0000114b      0x699 Src/clock.o
 .debug_line    0x000017e4      0x38d Src/font.o
 .debug_line    0x00001b71      0x4f7 Src/main.o
 .debug_line    0x00002068       0x7e Startup/startup_stm32f401xe.o

.debug_str      0x00000000    0x53ac6
 .debug_str     0x00000000    0x4efb5 CMSIS/src/system_stm32f4xx.o
                              0x4f138 (size before relaxing)
 .debug_str     0x0004efb5      0x28e Src/BME280.o
                              0x4f324 (size before relaxing)
 .debug_str     0x0004f243       0xcf Src/SSD1306.o
                              0x4f1b9 (size before relaxing)
 .debug_str     0x0004f312     0x4757 Src/clock.o
                              0x538c7 (size before relaxing)
 .debug_str     0x00053a69        0xe Src/font.o
                               0x3c18 (size before relaxing)
 .debug_str     0x00053a77       0x20 Src/main.o
                              0x4f093 (size before relaxing)
 .debug_str     0x00053a97       0x2f Startup/startup_stm32f401xe.o
                                 0x67 (size before relaxing)

.comment        0x00000000       0x7f
 .comment       0x00000000       0x7f CMSIS/src/system_stm32f4xx.o
                                 0x80 (size before relaxing)
 .comment       0x0000007f       0x80 Src/BME280.o
 .comment       0x0000007f       0x80 Src/SSD1306.o
 .comment       0x0000007f       0x80 Src/clock.o
 .comment       0x0000007f       0x80 Src/font.o
 .comment       0x0000007f       0x80 Src/main.o

.debug_frame    0x00000000     0x1284
 .debug_frame   0x00000000       0x30 CMSIS/src/system_stm32f4xx.o
 .debug_frame   0x00000030      0x1b8 Src/BME280.o
 .debug_frame   0x000001e8      0x160 Src/SSD1306.o
 .debug_frame   0x00000348       0xa4 Src/clock.o
 .debug_frame   0x000003ec       0x54 Src/main.o
 .debug_frame   0x00000440       0x2c d:/program files/stm32cubeide_1.3.0/stm32cubeide/plugins/com.st.stm32cube.ide.mcu.externaltools.gnu-arm-embedded.7-2018-q2-update.win32_1.0.0.201904081647/tools/bin/../arm-none-eabi/lib/thumb/v7e-m/fpv4-sp/softfp\libc_nano.a(lib_a-init.o)
 .debug_frame   0x0000046c       0x20 d:/program files/stm32cubeide_1.3.0/stm32cubeide/plugins/com.st.stm32cube.ide.mcu.externaltools.gnu-arm-embedded.7-2018-q2-update.win32_1.0.0.201904081647/tools/bin/../arm-none-eabi/lib/thumb/v7e-m/fpv4-sp/softfp\libc_nano.a(lib_a-memset.o)
 .debug_frame   0x0000048c       0x90 d:/program files/stm32cubeide_1.3.0/stm32cubeide/plugins/com.st.stm32cube.ide.mcu.externaltools.gnu-arm-embedded.7-2018-q2-update.win32_1.0.0.201904081647/tools/bin/../arm-none-eabi/lib/thumb/v7e-m/fpv4-sp/softfp\libc_nano.a(lib_a-nano-vfprintf_float.o)
 .debug_frame   0x0000051c       0x60 d:/program files/stm32cubeide_1.3.0/stm32cubeide/plugins/com.st.stm32cube.ide.mcu.externaltools.gnu-arm-embedded.7-2018-q2-update.win32_1.0.0.201904081647/tools/bin/../arm-none-eabi/lib/thumb/v7e-m/fpv4-sp/softfp\libc_nano.a(lib_a-nano-vfprintf_i.o)
 .debug_frame   0x0000057c       0x40 d:/program files/stm32cubeide_1.3.0/stm32cubeide/plugins/com.st.stm32cube.ide.mcu.externaltools.gnu-arm-embedded.7-2018-q2-update.win32_1.0.0.201904081647/tools/bin/../arm-none-eabi/lib/thumb/v7e-m/fpv4-sp/softfp\libc_nano.a(lib_a-nano-vfscanf_float.o)
 .debug_frame   0x000005bc       0x20 d:/program files/stm32cubeide_1.3.0/stm32cubeide/plugins/com.st.stm32cube.ide.mcu.externaltools.gnu-arm-embedded.7-2018-q2-update.win32_1.0.0.201904081647/tools/bin/../arm-none-eabi/lib/thumb/v7e-m/fpv4-sp/softfp\libc_nano.a(lib_a-sf_nan.o)
 .debug_frame   0x000005dc       0x6c d:/program files/stm32cubeide_1.3.0/stm32cubeide/plugins/com.st.stm32cube.ide.mcu.externaltools.gnu-arm-embedded.7-2018-q2-update.win32_1.0.0.201904081647/tools/bin/../arm-none-eabi/lib/thumb/v7e-m/fpv4-sp/softfp\libc_nano.a(lib_a-sprintf.o)
 .debug_frame   0x00000648      0x134 d:/program files/stm32cubeide_1.3.0/stm32cubeide/plugins/com.st.stm32cube.ide.mcu.externaltools.gnu-arm-embedded.7-2018-q2-update.win32_1.0.0.201904081647/tools/bin/../arm-none-eabi/lib/thumb/v7e-m/fpv4-sp/softfp\libc_nano.a(lib_a-strtod.o)
 .debug_frame   0x0000077c       0x84 d:/program files/stm32cubeide_1.3.0/stm32cubeide/plugins/com.st.stm32cube.ide.mcu.externaltools.gnu-arm-embedded.7-2018-q2-update.win32_1.0.0.201904081647/tools/bin/../arm-none-eabi/lib/thumb/v7e-m/fpv4-sp/softfp\libc_nano.a(lib_a-strtol.o)
 .debug_frame   0x00000800       0x6c d:/program files/stm32cubeide_1.3.0/stm32cubeide/plugins/com.st.stm32cube.ide.mcu.externaltools.gnu-arm-embedded.7-2018-q2-update.win32_1.0.0.201904081647/tools/bin/../arm-none-eabi/lib/thumb/v7e-m/fpv4-sp/softfp\libc_nano.a(lib_a-dtoa.o)
 .debug_frame   0x0000086c       0x70 d:/program files/stm32cubeide_1.3.0/stm32cubeide/plugins/com.st.stm32cube.ide.mcu.externaltools.gnu-arm-embedded.7-2018-q2-update.win32_1.0.0.201904081647/tools/bin/../arm-none-eabi/lib/thumb/v7e-m/fpv4-sp/softfp\libc_nano.a(lib_a-gdtoa-gethex.o)
 .debug_frame   0x000008dc       0x74 d:/program files/stm32cubeide_1.3.0/stm32cubeide/plugins/com.st.stm32cube.ide.mcu.externaltools.gnu-arm-embedded.7-2018-q2-update.win32_1.0.0.201904081647/tools/bin/../arm-none-eabi/lib/thumb/v7e-m/fpv4-sp/softfp\libc_nano.a(lib_a-gdtoa-hexnan.o)
 .debug_frame   0x00000950       0x68 d:/program files/stm32cubeide_1.3.0/stm32cubeide/plugins/com.st.stm32cube.ide.mcu.externaltools.gnu-arm-embedded.7-2018-q2-update.win32_1.0.0.201904081647/tools/bin/../arm-none-eabi/lib/thumb/v7e-m/fpv4-sp/softfp\libc_nano.a(lib_a-locale.o)
 .debug_frame   0x000009b8       0x40 d:/program files/stm32cubeide_1.3.0/stm32cubeide/plugins/com.st.stm32cube.ide.mcu.externaltools.gnu-arm-embedded.7-2018-q2-update.win32_1.0.0.201904081647/tools/bin/../arm-none-eabi/lib/thumb/v7e-m/fpv4-sp/softfp\libc_nano.a(lib_a-localeconv.o)
 .debug_frame   0x000009f8       0x30 d:/program files/stm32cubeide_1.3.0/stm32cubeide/plugins/com.st.stm32cube.ide.mcu.externaltools.gnu-arm-embedded.7-2018-q2-update.win32_1.0.0.201904081647/tools/bin/../arm-none-eabi/lib/thumb/v7e-m/fpv4-sp/softfp\libc_nano.a(lib_a-malloc.o)
 .debug_frame   0x00000a28       0x48 d:/program files/stm32cubeide_1.3.0/stm32cubeide/plugins/com.st.stm32cube.ide.mcu.externaltools.gnu-arm-embedded.7-2018-q2-update.win32_1.0.0.201904081647/tools/bin/../arm-none-eabi/lib/thumb/v7e-m/fpv4-sp/softfp\libc_nano.a(lib_a-mbtowc_r.o)
 .debug_frame   0x00000a70       0x28 d:/program files/stm32cubeide_1.3.0/stm32cubeide/plugins/com.st.stm32cube.ide.mcu.externaltools.gnu-arm-embedded.7-2018-q2-update.win32_1.0.0.201904081647/tools/bin/../arm-none-eabi/lib/thumb/v7e-m/fpv4-sp/softfp\libc_nano.a(lib_a-memcpy-stub.o)
 .debug_frame   0x00000a98      0x248 d:/program files/stm32cubeide_1.3.0/stm32cubeide/plugins/com.st.stm32cube.ide.mcu.externaltools.gnu-arm-embedded.7-2018-q2-update.win32_1.0.0.201904081647/tools/bin/../arm-none-eabi/lib/thumb/v7e-m/fpv4-sp/softfp\libc_nano.a(lib_a-mprec.o)
 .debug_frame   0x00000ce0       0x2c d:/program files/stm32cubeide_1.3.0/stm32cubeide/plugins/com.st.stm32cube.ide.mcu.externaltools.gnu-arm-embedded.7-2018-q2-update.win32_1.0.0.201904081647/tools/bin/../arm-none-eabi/lib/thumb/v7e-m/fpv4-sp/softfp\libc_nano.a(lib_a-nano-callocr.o)
 .debug_frame   0x00000d0c       0x38 d:/program files/stm32cubeide_1.3.0/stm32cubeide/plugins/com.st.stm32cube.ide.mcu.externaltools.gnu-arm-embedded.7-2018-q2-update.win32_1.0.0.201904081647/tools/bin/../arm-none-eabi/lib/thumb/v7e-m/fpv4-sp/softfp\libc_nano.a(lib_a-nano-freer.o)
 .debug_frame   0x00000d44       0x2c d:/program files/stm32cubeide_1.3.0/stm32cubeide/plugins/com.st.stm32cube.ide.mcu.externaltools.gnu-arm-embedded.7-2018-q2-update.win32_1.0.0.201904081647/tools/bin/../arm-none-eabi/lib/thumb/v7e-m/fpv4-sp/softfp\libc_nano.a(lib_a-nano-mallocr.o)
 .debug_frame   0x00000d70       0x90 d:/program files/stm32cubeide_1.3.0/stm32cubeide/plugins/com.st.stm32cube.ide.mcu.externaltools.gnu-arm-embedded.7-2018-q2-update.win32_1.0.0.201904081647/tools/bin/../arm-none-eabi/lib/thumb/v7e-m/fpv4-sp/softfp\libc_nano.a(lib_a-nano-svfprintf.o)
 .debug_frame   0x00000e00       0x2c d:/program files/stm32cubeide_1.3.0/stm32cubeide/plugins/com.st.stm32cube.ide.mcu.externaltools.gnu-arm-embedded.7-2018-q2-update.win32_1.0.0.201904081647/tools/bin/../arm-none-eabi/lib/thumb/v7e-m/fpv4-sp/softfp\libc_nano.a(lib_a-sbrkr.o)
 .debug_frame   0x00000e2c       0x28 d:/program files/stm32cubeide_1.3.0/stm32cubeide/plugins/com.st.stm32cube.ide.mcu.externaltools.gnu-arm-embedded.7-2018-q2-update.win32_1.0.0.201904081647/tools/bin/../arm-none-eabi/lib/thumb/v7e-m/fpv4-sp/softfp\libc_nano.a(lib_a-strncmp.o)
 .debug_frame   0x00000e54       0x3c d:/program files/stm32cubeide_1.3.0/stm32cubeide/plugins/com.st.stm32cube.ide.mcu.externaltools.gnu-arm-embedded.7-2018-q2-update.win32_1.0.0.201904081647/tools/bin/../arm-none-eabi/lib/thumb/v7e-m/fpv4-sp/softfp\libc_nano.a(lib_a-wctomb_r.o)
 .debug_frame   0x00000e90       0x28 d:/program files/stm32cubeide_1.3.0/stm32cubeide/plugins/com.st.stm32cube.ide.mcu.externaltools.gnu-arm-embedded.7-2018-q2-update.win32_1.0.0.201904081647/tools/bin/../arm-none-eabi/lib/thumb/v7e-m/fpv4-sp/softfp\libc_nano.a(lib_a-memmove.o)
 .debug_frame   0x00000eb8       0x30 d:/program files/stm32cubeide_1.3.0/stm32cubeide/plugins/com.st.stm32cube.ide.mcu.externaltools.gnu-arm-embedded.7-2018-q2-update.win32_1.0.0.201904081647/tools/bin/../arm-none-eabi/lib/thumb/v7e-m/fpv4-sp/softfp\libc_nano.a(lib_a-mlock.o)
 .debug_frame   0x00000ee8       0x3c d:/program files/stm32cubeide_1.3.0/stm32cubeide/plugins/com.st.stm32cube.ide.mcu.externaltools.gnu-arm-embedded.7-2018-q2-update.win32_1.0.0.201904081647/tools/bin/../arm-none-eabi/lib/thumb/v7e-m/fpv4-sp/softfp\libc_nano.a(lib_a-nano-reallocr.o)
 .debug_frame   0x00000f24       0x5c d:/program files/stm32cubeide_1.3.0/stm32cubeide/plugins/com.st.stm32cube.ide.mcu.externaltools.gnu-arm-embedded.7-2018-q2-update.win32_1.0.0.201904081647/tools/bin/../arm-none-eabi/lib/thumb/v7e-m/fpv4-sp/softfp\libc_nano.a(lib_a-reent.o)
 .debug_frame   0x00000f80       0x20 d:/program files/stm32cubeide_1.3.0/stm32cubeide/plugins/com.st.stm32cube.ide.mcu.externaltools.gnu-arm-embedded.7-2018-q2-update.win32_1.0.0.201904081647/tools/bin/../arm-none-eabi/lib/thumb/v7e-m/fpv4-sp/softfp\libc_nano.a(lib_a-nano-msizer.o)
 .debug_frame   0x00000fa0       0xac d:/program files/stm32cubeide_1.3.0/stm32cubeide/plugins/com.st.stm32cube.ide.mcu.externaltools.gnu-arm-embedded.7-2018-q2-update.win32_1.0.0.201904081647/tools/bin/../lib/gcc/arm-none-eabi/7.3.1/thumb/v7e-m/fpv4-sp/softfp\libgcc.a(_arm_addsubdf3.o)
 .debug_frame   0x0000104c       0x50 d:/program files/stm32cubeide_1.3.0/stm32cubeide/plugins/com.st.stm32cube.ide.mcu.externaltools.gnu-arm-embedded.7-2018-q2-update.win32_1.0.0.201904081647/tools/bin/../lib/gcc/arm-none-eabi/7.3.1/thumb/v7e-m/fpv4-sp/softfp\libgcc.a(_arm_muldivdf3.o)
 .debug_frame   0x0000109c       0xc4 d:/program files/stm32cubeide_1.3.0/stm32cubeide/plugins/com.st.stm32cube.ide.mcu.externaltools.gnu-arm-embedded.7-2018-q2-update.win32_1.0.0.201904081647/tools/bin/../lib/gcc/arm-none-eabi/7.3.1/thumb/v7e-m/fpv4-sp/softfp\libgcc.a(_arm_cmpdf2.o)
 .debug_frame   0x00001160       0x20 d:/program files/stm32cubeide_1.3.0/stm32cubeide/plugins/com.st.stm32cube.ide.mcu.externaltools.gnu-arm-embedded.7-2018-q2-update.win32_1.0.0.201904081647/tools/bin/../lib/gcc/arm-none-eabi/7.3.1/thumb/v7e-m/fpv4-sp/softfp\libgcc.a(_arm_unorddf2.o)
 .debug_frame   0x00001180       0x24 d:/program files/stm32cubeide_1.3.0/stm32cubeide/plugins/com.st.stm32cube.ide.mcu.externaltools.gnu-arm-embedded.7-2018-q2-update.win32_1.0.0.201904081647/tools/bin/../lib/gcc/arm-none-eabi/7.3.1/thumb/v7e-m/fpv4-sp/softfp\libgcc.a(_arm_fixdfsi.o)
 .debug_frame   0x000011a4       0x24 d:/program files/stm32cubeide_1.3.0/stm32cubeide/plugins/com.st.stm32cube.ide.mcu.externaltools.gnu-arm-embedded.7-2018-q2-update.win32_1.0.0.201904081647/tools/bin/../lib/gcc/arm-none-eabi/7.3.1/thumb/v7e-m/fpv4-sp/softfp\libgcc.a(_arm_fixunsdfsi.o)
 .debug_frame   0x000011c8       0x24 d:/program files/stm32cubeide_1.3.0/stm32cubeide/plugins/com.st.stm32cube.ide.mcu.externaltools.gnu-arm-embedded.7-2018-q2-update.win32_1.0.0.201904081647/tools/bin/../lib/gcc/arm-none-eabi/7.3.1/thumb/v7e-m/fpv4-sp/softfp\libgcc.a(_arm_truncdfsf2.o)
 .debug_frame   0x000011ec       0x44 d:/program files/stm32cubeide_1.3.0/stm32cubeide/plugins/com.st.stm32cube.ide.mcu.externaltools.gnu-arm-embedded.7-2018-q2-update.win32_1.0.0.201904081647/tools/bin/../lib/gcc/arm-none-eabi/7.3.1/thumb/v7e-m/fpv4-sp/softfp\libgcc.a(_aeabi_ldivmod.o)
 .debug_frame   0x00001230       0x34 d:/program files/stm32cubeide_1.3.0/stm32cubeide/plugins/com.st.stm32cube.ide.mcu.externaltools.gnu-arm-embedded.7-2018-q2-update.win32_1.0.0.201904081647/tools/bin/../lib/gcc/arm-none-eabi/7.3.1/thumb/v7e-m/fpv4-sp/softfp\libgcc.a(_udivmoddi4.o)
 .debug_frame   0x00001264       0x20 d:/program files/stm32cubeide_1.3.0/stm32cubeide/plugins/com.st.stm32cube.ide.mcu.externaltools.gnu-arm-embedded.7-2018-q2-update.win32_1.0.0.201904081647/tools/bin/../arm-none-eabi/lib/thumb/v7e-m/fpv4-sp/softfp\libnosys.a(sbrk.o)
